Archive member included because of file (symbol)

c:/program files (x86)/atmel/studio/7.0/toolchain/avr32/avr32-gnu-toolchain/bin/../lib/gcc/avr32/4.4.7/ucr3fp\libstdc++.a(pure.o)
                              src/libraries/AP_HAL_Empty/HAL_Empty_Class.o (__cxa_pure_virtual)
c:/program files (x86)/atmel/studio/7.0/toolchain/avr32/avr32-gnu-toolchain/bin/../lib/gcc/avr32/4.4.7/ucr3fp\libstdc++.a(class_type_info.o)
                              src/libraries/AP_HAL_Empty/HAL_Empty_Class.o (vtable for __cxxabiv1::__class_type_info)
c:/program files (x86)/atmel/studio/7.0/toolchain/avr32/avr32-gnu-toolchain/bin/../lib/gcc/avr32/4.4.7/ucr3fp\libstdc++.a(si_class_type_info.o)
                              src/libraries/AP_HAL_Empty/HAL_Empty_Class.o (vtable for __cxxabiv1::__si_class_type_info)
c:/program files (x86)/atmel/studio/7.0/toolchain/avr32/avr32-gnu-toolchain/bin/../lib/gcc/avr32/4.4.7/ucr3fp\libstdc++.a(eh_terminate.o)
                              c:/program files (x86)/atmel/studio/7.0/toolchain/avr32/avr32-gnu-toolchain/bin/../lib/gcc/avr32/4.4.7/ucr3fp\libstdc++.a(pure.o) (std::terminate())
c:/program files (x86)/atmel/studio/7.0/toolchain/avr32/avr32-gnu-toolchain/bin/../lib/gcc/avr32/4.4.7/ucr3fp\libstdc++.a(del_op.o)
                              c:/program files (x86)/atmel/studio/7.0/toolchain/avr32/avr32-gnu-toolchain/bin/../lib/gcc/avr32/4.4.7/ucr3fp\libstdc++.a(class_type_info.o) (operator delete(void*))
c:/program files (x86)/atmel/studio/7.0/toolchain/avr32/avr32-gnu-toolchain/bin/../lib/gcc/avr32/4.4.7/ucr3fp\libstdc++.a(eh_term_handler.o)
                              c:/program files (x86)/atmel/studio/7.0/toolchain/avr32/avr32-gnu-toolchain/bin/../lib/gcc/avr32/4.4.7/ucr3fp\libstdc++.a(eh_terminate.o) (__cxxabiv1::__terminate_handler)
c:/program files (x86)/atmel/studio/7.0/toolchain/avr32/avr32-gnu-toolchain/bin/../lib/gcc/avr32/4.4.7/ucr3fp\libstdc++.a(eh_catch.o)
                              c:/program files (x86)/atmel/studio/7.0/toolchain/avr32/avr32-gnu-toolchain/bin/../lib/gcc/avr32/4.4.7/ucr3fp\libstdc++.a(eh_terminate.o) (__cxa_end_catch)
c:/program files (x86)/atmel/studio/7.0/toolchain/avr32/avr32-gnu-toolchain/bin/../lib/gcc/avr32/4.4.7/ucr3fp\libstdc++.a(tinfo.o)
                              c:/program files (x86)/atmel/studio/7.0/toolchain/avr32/avr32-gnu-toolchain/bin/../lib/gcc/avr32/4.4.7/ucr3fp\libstdc++.a(class_type_info.o) (std::type_info::~type_info())
c:/program files (x86)/atmel/studio/7.0/toolchain/avr32/avr32-gnu-toolchain/bin/../lib/gcc/avr32/4.4.7/ucr3fp\libstdc++.a(vterminate.o)
                              c:/program files (x86)/atmel/studio/7.0/toolchain/avr32/avr32-gnu-toolchain/bin/../lib/gcc/avr32/4.4.7/ucr3fp\libstdc++.a(eh_term_handler.o) (__gnu_cxx::__verbose_terminate_handler())
c:/program files (x86)/atmel/studio/7.0/toolchain/avr32/avr32-gnu-toolchain/bin/../lib/gcc/avr32/4.4.7/ucr3fp\libstdc++.a(eh_throw.o)
                              c:/program files (x86)/atmel/studio/7.0/toolchain/avr32/avr32-gnu-toolchain/bin/../lib/gcc/avr32/4.4.7/ucr3fp\libstdc++.a(vterminate.o) (__cxa_rethrow)
c:/program files (x86)/atmel/studio/7.0/toolchain/avr32/avr32-gnu-toolchain/bin/../lib/gcc/avr32/4.4.7/ucr3fp\libstdc++.a(eh_personality.o)
                              c:/program files (x86)/atmel/studio/7.0/toolchain/avr32/avr32-gnu-toolchain/bin/../lib/gcc/avr32/4.4.7/ucr3fp\libstdc++.a(eh_terminate.o) (__gxx_personality_sj0)
c:/program files (x86)/atmel/studio/7.0/toolchain/avr32/avr32-gnu-toolchain/bin/../lib/gcc/avr32/4.4.7/ucr3fp\libstdc++.a(eh_unex_handler.o)
                              c:/program files (x86)/atmel/studio/7.0/toolchain/avr32/avr32-gnu-toolchain/bin/../lib/gcc/avr32/4.4.7/ucr3fp\libstdc++.a(eh_terminate.o) (__cxxabiv1::__unexpected_handler)
c:/program files (x86)/atmel/studio/7.0/toolchain/avr32/avr32-gnu-toolchain/bin/../lib/gcc/avr32/4.4.7/ucr3fp\libstdc++.a(eh_exception.o)
                              c:/program files (x86)/atmel/studio/7.0/toolchain/avr32/avr32-gnu-toolchain/bin/../lib/gcc/avr32/4.4.7/ucr3fp\libstdc++.a(eh_personality.o) (std::bad_exception::~bad_exception())
c:/program files (x86)/atmel/studio/7.0/toolchain/avr32/avr32-gnu-toolchain/bin/../lib/gcc/avr32/4.4.7/ucr3fp\libstdc++.a(eh_globals.o)
                              c:/program files (x86)/atmel/studio/7.0/toolchain/avr32/avr32-gnu-toolchain/bin/../lib/gcc/avr32/4.4.7/ucr3fp\libstdc++.a(eh_catch.o) (__cxa_get_globals_fast)
c:/program files (x86)/atmel/studio/7.0/toolchain/avr32/avr32-gnu-toolchain/bin/../lib/gcc/avr32/4.4.7/ucr3fp\libstdc++.a(eh_type.o)
                              c:/program files (x86)/atmel/studio/7.0/toolchain/avr32/avr32-gnu-toolchain/bin/../lib/gcc/avr32/4.4.7/ucr3fp\libstdc++.a(vterminate.o) (__cxa_current_exception_type)
c:/program files (x86)/atmel/studio/7.0/toolchain/avr32/avr32-gnu-toolchain/bin/../lib/gcc/avr32/4.4.7/ucr3fp\libstdc++.a(eh_call.o)
[...]
Memory Configuration

Name             Origin             Length             Attributes
FLASH            0x80000000         0x00080000         axrl !w
CPUSRAM          0x00000004         0x0000fffc         axw !rl
USERPAGE         0x80800000         0x00000200
FACTORYPAGE      0x80800200         0x00000200
FLASHVAULT_FLASH_SIZE 0x80800400         0x00000008         r
FLASHVAULT_RAM_SIZE 0x80800408         0x00000008         r
*default*        0x00000000         0xffffffff

Linker script and memory map

                0x00001000                _stack_size = 0x1000
LOAD c:/program files (x86)/atmel/studio/7.0/toolchain/avr32/avr32-gnu-toolchain/bin/../lib/gcc/avr32/4.4.7/../../../../avr32/lib/ucr3fp/crt0.o
LOAD c:/program files (x86)/atmel/studio/7.0/toolchain/avr32/avr32-gnu-toolchain/bin/../lib/gcc/avr32/4.4.7/ucr3fp/crti.o
LOAD c:/program files (x86)/atmel/studio/7.0/toolchain/avr32/avr32-gnu-toolchain/bin/../lib/gcc/avr32/4.4.7/ucr3fp/crtbegin.o
LOAD src/ASF/avr32/drivers/flashc/flashc.o
LOAD src/ASF/avr32/drivers/usart/usart.o
LOAD src/libraries/AP_HAL_Empty/HAL_Empty_Class.o
LOAD src/libraries/AP_HAL_Empty/Scheduler.o
LOAD src/libraries/AP_HAL_Empty/UARTDriver.o
LOAD src/ASF/common/services/serial/usart_serial.o
LOAD src/ASF/common/services/clock/uc3c/osc.o
LOAD src/ASF/common/services/clock/uc3c/pll.o
LOAD src/ASF/common/services/clock/uc3c/sysclk.o
LOAD src/ASF/avr32/boards/uc3c_ek/init.o
LOAD src/ASF/avr32/boards/uc3c_ek/led.o
LOAD src/ASF/avr32/drivers/gpio/gpio.o
LOAD src/ASF/avr32/drivers/intc/exception.o
LOAD src/ASF/avr32/drivers/intc/intc.o
LOAD src/ASF/avr32/utils/startup/trampoline_uc3.o
LOAD src/main.o
START GROUP
END GROUP
LOAD c:/program files (x86)/atmel/studio/7.0/toolchain/avr32/avr32-gnu-toolchain/bin/../lib/gcc/avr32/4.4.7/ucr3fp\libstdc++.a
LOAD c:/program files (x86)/atmel/studio/7.0/toolchain/avr32/avr32-gnu-toolchain/bin/../lib/gcc/avr32/4.4.7/../../../../avr32/lib/ucr3fp\libm.a
LOAD c:/program files (x86)/atmel/studio/7.0/toolchain/avr32/avr32-gnu-toolchain/bin/../lib/gcc/avr32/4.4.7/ucr3fp\libgcc.a
LOAD c:/program files (x86)/atmel/studio/7.0/toolchain/avr32/avr32-gnu-toolchain/bin/../lib/gcc/avr32/4.4.7/../../../../avr32/lib/ucr3fp\libc.a
LOAD c:/program files (x86)/atmel/studio/7.0/toolchain/avr32/avr32-gnu-toolchain/bin/../lib/gcc/avr32/4.4.7/ucr3fp\libgcc.a
LOAD c:/program files (x86)/atmel/studio/7.0/toolchain/avr32/avr32-gnu-toolchain/bin/../lib/gcc/avr32/4.4.7/ucr3fp/crtend.o
LOAD c:/program files (x86)/atmel/studio/7.0/toolchain/avr32/avr32-gnu-toolchain/bin/../lib/gcc/avr32/4.4.7/ucr3fp/crtn.o
                0x80000000                PROVIDE (__executable_start, 0x80000000)
                0x80000000                . = 0x80000000

.interp
 *(.interp)

.reset          0x80000000        0x8
 *(.reset)
 .reset         0x80000000        0x8 c:/program files (x86)/atmel/studio/7.0/toolchain/avr32/avr32-gnu-toolchain/bin/../lib/gcc/avr32/4.4.7/../../../../avr32/lib/ucr3fp/crt0.o
                0x80000000                _start

.hash
 *(.hash)

.dynsym
 *(.dynsym)

.dynstr
 *(.dynstr)

.gnu.version
 *(.gnu.version)

.gnu.version_d
 *(.gnu.version_d)

.gnu.version_r
 *(.gnu.version_r)

.rel.init
 *(.rel.init)

.rela.init
 *(.rela.init)

.rel.text
 *(.rel.text .rel.text.* .rel.gnu.linkonce.t.*)

.rela.text
 *(.rela.text .rela.text.* .rela.gnu.linkonce.t.*)

.rel.fini
 *(.rel.fini)

.rela.fini
 *(.rela.fini)

.rel.rodata
 *(.rel.rodata .rel.rodata.* .rel.gnu.linkonce.r.*)

.rela.rodata
 *(.rela.rodata .rela.rodata.* .rela.gnu.linkonce.r.*)

.rel.data.rel.ro
 *(.rel.data.rel.ro*)

.rela.data.rel.ro
 *(.rel.data.rel.ro*)

.rel.data
 *(.rel.data .rel.data.* .rel.gnu.linkonce.d.*)

.rela.data
 *(.rela.data .rela.data.* .rela.gnu.linkonce.d.*)

.rel.tdata
 *(.rel.tdata .rel.tdata.* .rel.gnu.linkonce.td.*)

.rela.tdata
 *(.rela.tdata .rela.tdata.* .rela.gnu.linkonce.td.*)

.rel.tbss
 *(.rel.tbss .rel.tbss.* .rel.gnu.linkonce.tb.*)

.rela.tbss
 *(.rela.tbss .rela.tbss.* .rela.gnu.linkonce.tb.*)

.rel.ctors
 *(.rel.ctors)

.rela.ctors
 *(.rela.ctors)

.rel.dtors
 *(.rel.dtors)

.rela.dtors
 *(.rela.dtors)

.rel.got
 *(.rel.got)

.rela.got       0x80000008        0x0
 *(.rela.got)
 .rela.got      0x80000008        0x0 c:/program files (x86)/atmel/studio/7.0/toolchain/avr32/avr32-gnu-toolchain/bin/../lib/gcc/avr32/4.4.7/../../../../avr32/lib/ucr3fp/crt0.o

.rel.bss
 *(.rel.bss .rel.bss.* .rel.gnu.linkonce.b.*)

.rela.bss
 *(.rela.bss .rela.bss.* .rela.gnu.linkonce.b.*)

.rel.plt
 *(.rel.plt)

.rela.plt
 *(.rela.plt)

.init           0x80000008       0x1c
 *(.init)
 .init          0x80000008       0x10 c:/program files (x86)/atmel/studio/7.0/toolchain/avr32/avr32-gnu-toolchain/bin/../lib/gcc/avr32/4.4.7/ucr3fp/crti.o
                0x80000008                _init
 .init          0x80000018        0x4 c:/program files (x86)/atmel/studio/7.0/toolchain/avr32/avr32-gnu-toolchain/bin/../lib/gcc/avr32/4.4.7/ucr3fp/crtbegin.o
 .init          0x8000001c        0x4 c:/program files (x86)/atmel/studio/7.0/toolchain/avr32/avr32-gnu-toolchain/bin/../lib/gcc/avr32/4.4.7/ucr3fp/crtend.o
 .init          0x80000020        0x4 c:/program files (x86)/atmel/studio/7.0/toolchain/avr32/avr32-gnu-toolchain/bin/../lib/gcc/avr32/4.4.7/ucr3fp/crtn.o

.plt
 *(.plt)

.text           0x80000024     0xb17c
 *(.text .stub .text.* .gnu.linkonce.t.*)
 .text          0x80000024       0x84 c:/program files (x86)/atmel/studio/7.0/toolchain/avr32/avr32-gnu-toolchain/bin/../lib/gcc/avr32/4.4.7/../../../../avr32/lib/ucr3fp/crt0.o
                0x80000024                _stext
 .text          0x800000a8       0x64 c:/program files (x86)/atmel/studio/7.0/toolchain/avr32/avr32-gnu-toolchain/bin/../lib/gcc/avr32/4.4.7/ucr3fp/crtbegin.o
 .text.usart_set_async_baudrate
                0x8000010c       0x5a src/ASF/avr32/drivers/usart/usart.o
 .text.usart_write_char
                0x80000166       0x14 src/ASF/avr32/drivers/usart/usart.o
                0x80000166                usart_write_char
 .text.usart_reset
                0x8000017a       0x2c src/ASF/avr32/drivers/usart/usart.o
                0x8000017a                usart_reset
 *fill*         0x800001a6        0x2 d703d703
 .text.usart_init_rs232
                0x800001a8       0xcc src/ASF/avr32/drivers/usart/usart.o
                0x800001a8                usart_init_rs232
 .text._ZN5Empty9HAL_EmptyC1Ev
                0x80000274       0x18 src/libraries/AP_HAL_Empty/HAL_Empty_Class.o
                0x80000274                Empty::HAL_Empty::HAL_Empty()
 .text._ZNK5Empty9HAL_Empty4initEiPKPc
                0x8000028c       0x20 src/libraries/AP_HAL_Empty/HAL_Empty_Class.o
                0x8000028c                Empty::HAL_Empty::init(int, char* const*) const
 .text._GLOBAL__I__ZN5Empty9HAL_EmptyC2Ev
                0x800002ac       0x30 src/libraries/AP_HAL_Empty/HAL_Empty_Class.o
 .text._ZN6AP_HAL9Scheduler15set_timer_speedEt
                0x800002dc        0x2 src/libraries/AP_HAL_Empty/Scheduler.o
                0x800002dc                AP_HAL::Scheduler::set_timer_speed(unsigned short)
 .text._ZN6AP_HAL9Scheduler10stop_clockEy
                0x800002de        0x2 src/libraries/AP_HAL_Empty/Scheduler.o
                0x800002de                AP_HAL::Scheduler::stop_clock(unsigned long long)
 .text._ZN5Empty14EmptySchedulerC1Ev
                0x800002e0        0xc src/libraries/AP_HAL_Empty/Scheduler.o
                0x800002e0                Empty::EmptyScheduler::EmptyScheduler()
 .text._ZN5Empty14EmptyScheduler8millis64Ev
                0x800002ec        0x8 src/libraries/AP_HAL_Empty/Scheduler.o
                0x800002ec                Empty::EmptyScheduler::millis64()
 .text._ZN5Empty14EmptyScheduler8micros64Ev
                0x800002f4        0x8 src/libraries/AP_HAL_Empty/Scheduler.o
                0x800002f4                Empty::EmptyScheduler::micros64()
 .text._ZN5Empty14EmptyScheduler6millisEv
                0x800002fc       0x10 src/libraries/AP_HAL_Empty/Scheduler.o
                0x800002fc                Empty::EmptyScheduler::millis()
 .text._ZN5Empty14EmptyScheduler6microsEv
                0x8000030c       0x10 src/libraries/AP_HAL_Empty/Scheduler.o
                0x8000030c                Empty::EmptyScheduler::micros()
 .text._ZN5Empty14EmptyScheduler18delay_microsecondsEt
                0x8000031c        0x2 src/libraries/AP_HAL_Empty/Scheduler.o
                0x8000031c                Empty::EmptyScheduler::delay_microseconds(unsigned short)
 .text._ZN5Empty14EmptyScheduler23register_delay_callbackEPFvvEt
                0x8000031e        0x2 src/libraries/AP_HAL_Empty/Scheduler.o
                0x8000031e                Empty::EmptyScheduler::register_delay_callback(void (*)(), unsigned short)
 .text._ZN5Empty14EmptyScheduler23register_timer_failsafeEPFvvEm
                0x80000320        0x2 src/libraries/AP_HAL_Empty/Scheduler.o
                0x80000320                Empty::EmptyScheduler::register_timer_failsafe(void (*)(), unsigned long)
 .text._ZN5Empty14EmptyScheduler19suspend_timer_procsEv
                0x80000322        0x2 src/libraries/AP_HAL_Empty/Scheduler.o
                0x80000322                Empty::EmptyScheduler::suspend_timer_procs()
 .text._ZN5Empty14EmptyScheduler18resume_timer_procsEv
                0x80000324        0x2 src/libraries/AP_HAL_Empty/Scheduler.o
                0x80000324                Empty::EmptyScheduler::resume_timer_procs()
 .text._ZN5Empty14EmptyScheduler15in_timerprocessEv
                0x80000326        0x2 src/libraries/AP_HAL_Empty/Scheduler.o
                0x80000326                Empty::EmptyScheduler::in_timerprocess()
 .text._ZN5Empty14EmptyScheduler19system_initializingEv
                0x80000328        0x2 src/libraries/AP_HAL_Empty/Scheduler.o
                0x80000328                Empty::EmptyScheduler::system_initializing()
 .text._ZN5Empty14EmptyScheduler18system_initializedEv
                0x8000032a        0x2 src/libraries/AP_HAL_Empty/Scheduler.o
                0x8000032a                Empty::EmptyScheduler::system_initialized()
 .text._ZN5Empty14EmptyScheduler6rebootEb
                0x8000032c        0x2 src/libraries/AP_HAL_Empty/Scheduler.o
                0x8000032c                Empty::EmptyScheduler::reboot(bool)
 *fill*         0x8000032e        0x2 d703d703
 .text._ZN5Empty14EmptyScheduler5delayEt
                0x80000330       0x58 src/libraries/AP_HAL_Empty/Scheduler.o
                0x80000330                Empty::EmptyScheduler::delay(unsigned short)
 .text._ZN5Empty14EmptyScheduler4initEPv
                0x80000388        0xc src/libraries/AP_HAL_Empty/Scheduler.o
                0x80000388                Empty::EmptyScheduler::init(void*)
 .text._ZN6AP_HAL10UARTDriver16set_flow_controlENS0_12flow_controlE
                0x80000394        0x2 src/libraries/AP_HAL_Empty/UARTDriver.o
                0x80000394                AP_HAL::UARTDriver::set_flow_control(AP_HAL::UARTDriver::flow_control)
 .text._ZN5Empty15EmptyUARTDriver16set_flow_controlENS0_12flow_controlE
                0x80000396        0x2 src/libraries/AP_HAL_Empty/UARTDriver.o
                0x80000396                Empty::EmptyUARTDriver::set_flow_control(Empty::EmptyUARTDriver::flow_control)
 .text._ZN5Empty15EmptyUARTDriver16get_flow_controlEv
                0x80000398        0x2 src/libraries/AP_HAL_Empty/UARTDriver.o
                0x80000398                Empty::EmptyUARTDriver::get_flow_control()
 *fill*         0x8000039a        0x2 d703d703
 .text._ZN5Empty15EmptyUARTDriverC1Ev
                0x8000039c        0xc src/libraries/AP_HAL_Empty/UARTDriver.o
                0x8000039c                Empty::EmptyUARTDriver::EmptyUARTDriver()
 .text._ZN5Empty15EmptyUARTDriver5beginEmtt
                0x800003a8        0x2 src/libraries/AP_HAL_Empty/UARTDriver.o
                0x800003a8                Empty::EmptyUARTDriver::begin(unsigned long, unsigned short, unsigned short)
 .text._ZN5Empty15EmptyUARTDriver3endEv
                0x800003aa        0x2 src/libraries/AP_HAL_Empty/UARTDriver.o
                0x800003aa                Empty::EmptyUARTDriver::end()
 .text._ZN5Empty15EmptyUARTDriver5flushEv
                0x800003ac        0x2 src/libraries/AP_HAL_Empty/UARTDriver.o
                0x800003ac                Empty::EmptyUARTDriver::flush()
 .text._ZN5Empty15EmptyUARTDriver14is_initializedEv
                0x800003ae        0x2 src/libraries/AP_HAL_Empty/UARTDriver.o
                0x800003ae                Empty::EmptyUARTDriver::is_initialized()
 .text._ZN5Empty15EmptyUARTDriver19set_blocking_writesEb
                0x800003b0        0x2 src/libraries/AP_HAL_Empty/UARTDriver.o
                0x800003b0                Empty::EmptyUARTDriver::set_blocking_writes(bool)
 .text._ZN5Empty15EmptyUARTDriver10tx_pendingEv
                0x800003b2        0x2 src/libraries/AP_HAL_Empty/UARTDriver.o
                0x800003b2                Empty::EmptyUARTDriver::tx_pending()
 .text._ZN5Empty15EmptyUARTDriver9availableEv
                0x800003b4        0x2 src/libraries/AP_HAL_Empty/UARTDriver.o
                0x800003b4                Empty::EmptyUARTDriver::available()
 .text._ZN5Empty15EmptyUARTDriver7txspaceEv
                0x800003b6        0x2 src/libraries/AP_HAL_Empty/UARTDriver.o
                0x800003b6                Empty::EmptyUARTDriver::txspace()
 .text._ZN5Empty15EmptyUARTDriver4readEv
                0x800003b8        0x2 src/libraries/AP_HAL_Empty/UARTDriver.o
                0x800003b8                Empty::EmptyUARTDriver::read()
 .text._ZN5Empty15EmptyUARTDriver5writeEPKhm
                0x800003ba       0x30 src/libraries/AP_HAL_Empty/UARTDriver.o
                0x800003ba                Empty::EmptyUARTDriver::write(unsigned char const*, unsigned long)
 *fill*         0x800003ea        0x2 d703d703
 .text._ZN5Empty15EmptyUARTDriver5writeEh
                0x800003ec       0x1c src/libraries/AP_HAL_Empty/UARTDriver.o
                0x800003ec                Empty::EmptyUARTDriver::write(unsigned char)
 .text.sysclk_enable_pba_module
                0x80000408       0x10 src/libraries/AP_HAL_Empty/UARTDriver.o
 .text._ZN5Empty15EmptyUARTDriver5beginEm
                0x80000418       0x40 src/libraries/AP_HAL_Empty/UARTDriver.o
                0x80000418                Empty::EmptyUARTDriver::begin(unsigned long)
 .text.sysclk_init
                0x80000458        0x2 src/ASF/common/services/clock/uc3c/sysclk.o
                0x80000458                sysclk_init
 .text.sysclk_priv_enable_module
                0x8000045a       0x3a src/ASF/common/services/clock/uc3c/sysclk.o
                0x8000045a                sysclk_priv_enable_module
 .text.board_init
                0x80000494       0x7c src/ASF/avr32/boards/uc3c_ek/init.o
                0x80000494                board_init
 .text.gpio_enable_module_pin
                0x80000510       0x94 src/ASF/avr32/drivers/gpio/gpio.o
                0x80000510                gpio_enable_module_pin
 .text.gpio_enable_module
                0x800005a4       0x30 src/ASF/avr32/drivers/gpio/gpio.o
                0x800005a4                gpio_enable_module
 .text.gpio_configure_pin
                0x800005d4      0x130 src/ASF/avr32/drivers/gpio/gpio.o
                0x800005d4                gpio_configure_pin
 .text          0x80000704        0x8 src/main.o
                0x80000708                hal
 .text.main     0x8000070c       0x4c src/main.o
                0x8000070c                main
 .text._ZNK10__cxxabiv117__class_type_info10__do_catchEPKSt9type_infoPPvj
                0x80000758       0x22 c:/program files (x86)/atmel/studio/7.0/toolchain/avr32/avr32-gnu-toolchain/bin/../lib/gcc/avr32/4.4.7/ucr3fp\libstdc++.a(class_type_info.o)
                0x80000758                __cxxabiv1::__class_type_info::__do_catch(std::type_info const*, void**, unsigned int) const
 .text._ZNK10__cxxabiv117__class_type_info11__do_upcastEPKS0_PPv
                0x8000077a       0x3c c:/program files (x86)/atmel/studio/7.0/toolchain/avr32/avr32-gnu-toolchain/bin/../lib/gcc/avr32/4.4.7/ucr3fp\libstdc++.a(class_type_info.o)
                0x8000077a                __cxxabiv1::__class_type_info::__do_upcast(__cxxabiv1::__class_type_info const*, void**) const
 .text._ZNK10__cxxabiv117__class_type_info20__do_find_public_srcElPKvPKS0_S2_
                0x800007b6        0xc c:/program files (x86)/atmel/studio/7.0/toolchain/avr32/avr32-gnu-toolchain/bin/../lib/gcc/avr32/4.4.7/ucr3fp\libstdc++.a(class_type_info.o)
                0x800007b6                __cxxabiv1::__class_type_info::__do_find_public_src(long, void const*, __cxxabiv1::__class_type_info const*, void const*) const
 .text._ZNK10__cxxabiv117__class_type_info12__do_dyncastElNS0_10__sub_kindEPKS0_PKvS3_S5_RNS0_16__dyncast_resultE
                0x800007c2       0x38 c:/program files (x86)/atmel/studio/7.0/toolchain/avr32/avr32-gnu-toolchain/bin/../lib/gcc/avr32/4.4.7/ucr3fp\libstdc++.a(class_type_info.o)
                0x800007c2                __cxxabiv1::__class_type_info::__do_dyncast(long, __cxxabiv1::__class_type_info::__sub_kind, __cxxabiv1::__class_type_info const*, void const*, __cxxabiv1::__class_type_info const*, void const*, __cxxabiv1::__class_type_info::__dyncast_result&) const
 .text._ZNK10__cxxabiv117__class_type_info11__do_upcastEPKS0_PKvRNS0_15__upcast_resultE
                0x800007fa       0x24 c:/program files (x86)/atmel/studio/7.0/toolchain/avr32/avr32-gnu-toolchain/bin/../lib/gcc/avr32/4.4.7/ucr3fp\libstdc++.a(class_type_info.o)
                0x800007fa                __cxxabiv1::__class_type_info::__do_upcast(__cxxabiv1::__class_type_info const*, void const*, __cxxabiv1::__class_type_info::__upcast_result&) const
 *fill*         0x8000081e        0x2 d703d703
 .text._ZN10__cxxabiv117__class_type_infoD1Ev
                0x80000820       0x18 c:/program files (x86)/atmel/studio/7.0/toolchain/avr32/avr32-gnu-toolchain/bin/../lib/gcc/avr32/4.4.7/ucr3fp\libstdc++.a(class_type_info.o)
                0x80000820                __cxxabiv1::__class_type_info::~__class_type_info()
 .text._ZN10__cxxabiv117__class_type_infoD2Ev
                0x80000838       0x18 c:/program files (x86)/atmel/studio/7.0/toolchain/avr32/avr32-gnu-toolchain/bin/../lib/gcc/avr32/4.4.7/ucr3fp\libstdc++.a(class_type_info.o)
                0x80000838                __cxxabiv1::__class_type_info::~__class_type_info()
 .text._ZN10__cxxabiv117__class_type_infoD0Ev
                0x80000850       0x28 c:/program files (x86)/atmel/studio/7.0/toolchain/avr32/avr32-gnu-toolchain/bin/../lib/gcc/avr32/4.4.7/ucr3fp\libstdc++.a(class_type_info.o)
                0x80000850                __cxxabiv1::__class_type_info::~__class_type_info()
 .text._ZNK10__cxxabiv120__si_class_type_info20__do_find_public_srcElPKvPKNS_17__class_type_infoES2_
                0x80000878       0x24 c:/program files (x86)/atmel/studio/7.0/toolchain/avr32/avr32-gnu-toolchain/bin/../lib/gcc/avr32/4.4.7/ucr3fp\libstdc++.a(si_class_type_info.o)
                0x80000878                __cxxabiv1::__si_class_type_info::__do_find_public_src(long, void const*, __cxxabiv1::__class_type_info const*, void const*) const
 .text._ZNK10__cxxabiv120__si_class_type_info12__do_dyncastElNS_17__class_type_info10__sub_kindEPKS1_PKvS4_S6_RNS1_16__dyncast_resultE
                0x8000089c       0x5e c:/program files (x86)/atmel/studio/7.0/toolchain/avr32/avr32-gnu-toolchain/bin/../lib/gcc/avr32/4.4.7/ucr3fp\libstdc++.a(si_class_type_info.o)
                0x8000089c                __cxxabiv1::__si_class_type_info::__do_dyncast(long, __cxxabiv1::__class_type_info::__sub_kind, __cxxabiv1::__class_type_info const*, void const*, __cxxabiv1::__class_type_info const*, void const*, __cxxabiv1::__class_type_info::__dyncast_result&) const
 *fill*         0x800008fa        0x2 d703d703
 .text._ZNK10__cxxabiv120__si_class_type_info11__do_upcastEPKNS_17__class_type_infoEPKvRNS1_15__upcast_resultE
                0x800008fc       0x28 c:/program files (x86)/atmel/studio/7.0/toolchain/avr32/avr32-gnu-toolchain/bin/../lib/gcc/avr32/4.4.7/ucr3fp\libstdc++.a(si_class_type_info.o)
                0x800008fc                __cxxabiv1::__si_class_type_info::__do_upcast(__cxxabiv1::__class_type_info const*, void const*, __cxxabiv1::__class_type_info::__upcast_result&) const
 .text._ZN10__cxxabiv120__si_class_type_infoD1Ev
                0x80000924       0x18 c:/program files (x86)/atmel/studio/7.0/toolchain/avr32/avr32-gnu-toolchain/bin/../lib/gcc/avr32/4.4.7/ucr3fp\libstdc++.a(si_class_type_info.o)
                0x80000924                __cxxabiv1::__si_class_type_info::~__si_class_type_info()
 .text._ZN10__cxxabiv120__si_class_type_infoD0Ev
                0x8000093c       0x28 c:/program files (x86)/atmel/studio/7.0/toolchain/avr32/avr32-gnu-toolchain/bin/../lib/gcc/avr32/4.4.7/ucr3fp\libstdc++.a(si_class_type_info.o)
                0x8000093c                __cxxabiv1::__si_class_type_info::~__si_class_type_info()
 .text._ZN10__cxxabiv111__terminateEPFvvE
                0x80000964       0x80 c:/program files (x86)/atmel/studio/7.0/toolchain/avr32/avr32-gnu-toolchain/bin/../lib/gcc/avr32/4.4.7/ucr3fp\libstdc++.a(eh_terminate.o)
                0x80000964                __cxxabiv1::__terminate(void (*)())
 .text._ZSt9terminatev
                0x800009e4       0x14 c:/program files (x86)/atmel/studio/7.0/toolchain/avr32/avr32-gnu-toolchain/bin/../lib/gcc/avr32/4.4.7/ucr3fp\libstdc++.a(eh_terminate.o)
                0x800009e4                std::terminate()
 .text._ZN10__cxxabiv112__unexpectedEPFvvE
                0x800009f8        0xc c:/program files (x86)/atmel/studio/7.0/toolchain/avr32/avr32-gnu-toolchain/bin/../lib/gcc/avr32/4.4.7/ucr3fp\libstdc++.a(eh_terminate.o)
                0x800009f8                __cxxabiv1::__unexpected(void (*)())
 .text._ZSt10unexpectedv
                0x80000a04       0x14 c:/program files (x86)/atmel/studio/7.0/toolchain/avr32/avr32-gnu-toolchain/bin/../lib/gcc/avr32/4.4.7/ucr3fp\libstdc++.a(eh_terminate.o)
                0x80000a04                std::unexpected()
 .text._ZdlPv   0x80000a18       0x10 c:/program files (x86)/atmel/studio/7.0/toolchain/avr32/avr32-gnu-toolchain/bin/../lib/gcc/avr32/4.4.7/ucr3fp\libstdc++.a(del_op.o)
                0x80000a18                operator delete(void*)
 .text.__cxa_end_catch
                0x80000a28       0x84 c:/program files (x86)/atmel/studio/7.0/toolchain/avr32/avr32-gnu-toolchain/bin/../lib/gcc/avr32/4.4.7/ucr3fp\libstdc++.a(eh_catch.o)
                0x80000a28                __cxa_end_catch
 .text.__cxa_begin_catch
                0x80000aac       0xd8 c:/program files (x86)/atmel/studio/7.0/toolchain/avr32/avr32-gnu-toolchain/bin/../lib/gcc/avr32/4.4.7/ucr3fp\libstdc++.a(eh_catch.o)
                0x80000aac                __cxa_begin_catch
 .text._ZNSt9type_infoD2Ev
                0x80000b84        0xc c:/program files (x86)/atmel/studio/7.0/toolchain/avr32/avr32-gnu-toolchain/bin/../lib/gcc/avr32/4.4.7/ucr3fp\libstdc++.a(tinfo.o)
                0x80000b84                std::type_info::~type_info()
 .text._ZNSt9type_infoD1Ev
                0x80000b90        0xc c:/program files (x86)/atmel/studio/7.0/toolchain/avr32/avr32-gnu-toolchain/bin/../lib/gcc/avr32/4.4.7/ucr3fp\libstdc++.a(tinfo.o)
                0x80000b90                std::type_info::~type_info()
 .text._ZNKSt9type_info14__is_pointer_pEv
                0x80000b9c        0x2 c:/program files (x86)/atmel/studio/7.0/toolchain/avr32/avr32-gnu-toolchain/bin/../lib/gcc/avr32/4.4.7/ucr3fp\libstdc++.a(tinfo.o)
                0x80000b9c                std::type_info::__is_pointer_p() const
 .text._ZNKSt9type_info15__is_function_pEv
                0x80000b9e        0x2 c:/program files (x86)/atmel/studio/7.0/toolchain/avr32/avr32-gnu-toolchain/bin/../lib/gcc/avr32/4.4.7/ucr3fp\libstdc++.a(tinfo.o)
                0x80000b9e                std::type_info::__is_function_p() const
 .text._ZNKSt9type_info10__do_catchEPKS_PPvj
                0x80000ba0        0xa c:/program files (x86)/atmel/studio/7.0/toolchain/avr32/avr32-gnu-toolchain/bin/../lib/gcc/avr32/4.4.7/ucr3fp\libstdc++.a(tinfo.o)
                0x80000ba0                std::type_info::__do_catch(std::type_info const*, void**, unsigned int) const
 .text._ZNKSt9type_info11__do_upcastEPKN10__cxxabiv117__class_type_infoEPPv
                0x80000baa        0x2 c:/program files (x86)/atmel/studio/7.0/toolchain/avr32/avr32-gnu-toolchain/bin/../lib/gcc/avr32/4.4.7/ucr3fp\libstdc++.a(tinfo.o)
                0x80000baa                std::type_info::__do_upcast(__cxxabiv1::__class_type_info const*, void**) const
 .text._ZNSt9type_infoD0Ev
                0x80000bac       0x18 c:/program files (x86)/atmel/studio/7.0/toolchain/avr32/avr32-gnu-toolchain/bin/../lib/gcc/avr32/4.4.7/ucr3fp\libstdc++.a(tinfo.o)
                0x80000bac                std::type_info::~type_info()
 .text._ZN9__gnu_cxx27__verbose_terminate_handlerEv
                0x80000bc4      0x1b4 c:/program files (x86)/atmel/studio/7.0/toolchain/avr32/avr32-gnu-toolchain/bin/../lib/gcc/avr32/4.4.7/ucr3fp\libstdc++.a(vterminate.o)
                0x80000bc4                __gnu_cxx::__verbose_terminate_handler()
 .text.__cxa_rethrow
                0x80000d78       0x6c c:/program files (x86)/atmel/studio/7.0/toolchain/avr32/avr32-gnu-toolchain/bin/../lib/gcc/avr32/4.4.7/ucr3fp\libstdc++.a(eh_throw.o)
                0x80000d78                __cxa_rethrow
 .text.__cxa_throw
                0x80000de4       0x60 c:/program files (x86)/atmel/studio/7.0/toolchain/avr32/avr32-gnu-toolchain/bin/../lib/gcc/avr32/4.4.7/ucr3fp\libstdc++.a(eh_throw.o)
                0x80000de4                __cxa_throw
 .text._ZL23__gxx_exception_cleanup19_Unwind_Reason_CodeP17_Unwind_Exception
                0x80000e44       0x4c c:/program files (x86)/atmel/studio/7.0/toolchain/avr32/avr32-gnu-toolchain/bin/../lib/gcc/avr32/4.4.7/ucr3fp\libstdc++.a(eh_throw.o)
 .text._ZL16get_adjusted_ptrPKSt9type_infoS1_PPv
                0x80000e90       0x46 c:/program files (x86)/atmel/studio/7.0/toolchain/avr32/avr32-gnu-toolchain/bin/../lib/gcc/avr32/4.4.7/ucr3fp\libstdc++.a(eh_personality.o)
 *fill*         0x80000ed6        0x2 d703d703
 .text._ZL21base_of_encoded_valuehP15_Unwind_Context
                0x80000ed8       0x64 c:/program files (x86)/atmel/studio/7.0/toolchain/avr32/avr32-gnu-toolchain/bin/../lib/gcc/avr32/4.4.7/ucr3fp\libstdc++.a(eh_personality.o)
 .text._ZL28read_encoded_value_with_basehjPKhPj
                0x80000f3c       0xf8 c:/program files (x86)/atmel/studio/7.0/toolchain/avr32/avr32-gnu-toolchain/bin/../lib/gcc/avr32/4.4.7/ucr3fp\libstdc++.a(eh_personality.o)
 .text._ZL17parse_lsda_headerP15_Unwind_ContextPKhP16lsda_header_info
                0x80001034       0xb0 c:/program files (x86)/atmel/studio/7.0/toolchain/avr32/avr32-gnu-toolchain/bin/../lib/gcc/avr32/4.4.7/ucr3fp\libstdc++.a(eh_personality.o)
 .text._ZL15get_ttype_entryP16lsda_header_infom
                0x800010e4       0x64 c:/program files (x86)/atmel/studio/7.0/toolchain/avr32/avr32-gnu-toolchain/bin/../lib/gcc/avr32/4.4.7/ucr3fp\libstdc++.a(eh_personality.o)
 .text._ZL20check_exception_specP16lsda_header_infoPKSt9type_infoPvl
                0x80001148       0x64 c:/program files (x86)/atmel/studio/7.0/toolchain/avr32/avr32-gnu-toolchain/bin/../lib/gcc/avr32/4.4.7/ucr3fp\libstdc++.a(eh_personality.o)
 .text.__cxa_call_unexpected
                0x800011ac      0x140 c:/program files (x86)/atmel/studio/7.0/toolchain/avr32/avr32-gnu-toolchain/bin/../lib/gcc/avr32/4.4.7/ucr3fp\libstdc++.a(eh_personality.o)
                0x800011ac                __cxa_call_unexpected
 .text.__gxx_personality_sj0
                0x800012ec      0x40c c:/program files (x86)/atmel/studio/7.0/toolchain/avr32/avr32-gnu-toolchain/bin/../lib/gcc/avr32/4.4.7/ucr3fp\libstdc++.a(eh_personality.o)
                0x800012ec                __gxx_personality_sj0
 .text._ZNSt9exceptionD1Ev
                0x800016f8        0xc c:/program files (x86)/atmel/studio/7.0/toolchain/avr32/avr32-gnu-toolchain/bin/../lib/gcc/avr32/4.4.7/ucr3fp\libstdc++.a(eh_exception.o)
                0x800016f8                std::exception::~exception()
 .text._ZNSt13bad_exceptionD1Ev
                0x80001704        0xc c:/program files (x86)/atmel/studio/7.0/toolchain/avr32/avr32-gnu-toolchain/bin/../lib/gcc/avr32/4.4.7/ucr3fp\libstdc++.a(eh_exception.o)
                0x80001704                std::bad_exception::~bad_exception()
 .text._ZNKSt9exception4whatEv
                0x80001710        0x8 c:/program files (x86)/atmel/studio/7.0/toolchain/avr32/avr32-gnu-toolchain/bin/../lib/gcc/avr32/4.4.7/ucr3fp\libstdc++.a(eh_exception.o)
                0x80001710                std::exception::what() const
 .text._ZNKSt13bad_exception4whatEv
                0x80001718        0x8 c:/program files (x86)/atmel/studio/7.0/toolchain/avr32/avr32-gnu-toolchain/bin/../lib/gcc/avr32/4.4.7/ucr3fp\libstdc++.a(eh_exception.o)
                0x80001718                std::bad_exception::what() const
 .text._ZNSt9exceptionD0Ev
                0x80001720       0x18 c:/program files (x86)/atmel/studio/7.0/toolchain/avr32/avr32-gnu-toolchain/bin/../lib/gcc/avr32/4.4.7/ucr3fp\libstdc++.a(eh_exception.o)
                0x80001720                std::exception::~exception()
 .text._ZNSt13bad_exceptionD0Ev
                0x80001738       0x18 c:/program files (x86)/atmel/studio/7.0/toolchain/avr32/avr32-gnu-toolchain/bin/../lib/gcc/avr32/4.4.7/ucr3fp\libstdc++.a(eh_exception.o)
                0x80001738                std::bad_exception::~bad_exception()
 .text.__cxa_get_globals_fast
                0x80001750        0x8 c:/program files (x86)/atmel/studio/7.0/toolchain/avr32/avr32-gnu-toolchain/bin/../lib/gcc/avr32/4.4.7/ucr3fp\libstdc++.a(eh_globals.o)
                0x80001750                __cxa_get_globals_fast
 .text.__cxa_get_globals
                0x80001758        0x8 c:/program files (x86)/atmel/studio/7.0/toolchain/avr32/avr32-gnu-toolchain/bin/../lib/gcc/avr32/4.4.7/ucr3fp\libstdc++.a(eh_globals.o)
                0x80001758                __cxa_get_globals
 .text.__cxa_current_exception_type
                0x80001760       0x34 c:/program files (x86)/atmel/studio/7.0/toolchain/avr32/avr32-gnu-toolchain/bin/../lib/gcc/avr32/4.4.7/ucr3fp\libstdc++.a(eh_type.o)
                0x80001760                __cxa_current_exception_type
 .text.__cxa_call_terminate
                0x80001794       0x4c c:/program files (x86)/atmel/studio/7.0/toolchain/avr32/avr32-gnu-toolchain/bin/../lib/gcc/avr32/4.4.7/ucr3fp\libstdc++.a(eh_call.o)
                0x80001794                __cxa_call_terminate
 .text          0x800017e0     0x32b8 c:/program files (x86)/atmel/studio/7.0/toolchain/avr32/avr32-gnu-toolchain/bin/../lib/gcc/avr32/4.4.7/ucr3fp\libstdc++.a(cp-demangle.o)
                0x80003e60                __gcclibcxx_demangle_callback
                0x800042c0                __cxa_demangle
 .text._GLOBAL__I___cxa_allocate_exception
                0x80004a98        0x2 c:/program files (x86)/atmel/studio/7.0/toolchain/avr32/avr32-gnu-toolchain/bin/../lib/gcc/avr32/4.4.7/ucr3fp\libstdc++.a(eh_alloc.o)
 *fill*         0x80004a9a        0x2 d703d703
 .text.__cxa_free_exception
                0x80004a9c       0x40 c:/program files (x86)/atmel/studio/7.0/toolchain/avr32/avr32-gnu-toolchain/bin/../lib/gcc/avr32/4.4.7/ucr3fp\libstdc++.a(eh_alloc.o)
                0x80004a9c                __cxa_free_exception
 .text.__cxa_allocate_exception
                0x80004adc      0x108 c:/program files (x86)/atmel/studio/7.0/toolchain/avr32/avr32-gnu-toolchain/bin/../lib/gcc/avr32/4.4.7/ucr3fp\libstdc++.a(eh_alloc.o)
                0x80004adc                __cxa_allocate_exception
 .text          0x80004be4      0x264 c:/program files (x86)/atmel/studio/7.0/toolchain/avr32/avr32-gnu-toolchain/bin/../lib/gcc/avr32/4.4.7/ucr3fp\libgcc.a(_udivdi3.o)
                0x80004be4                __avr32_udiv64
                0x80004be4                __udivdi3
 .text          0x80004e48      0x2d4 c:/program files (x86)/atmel/studio/7.0/toolchain/avr32/avr32-gnu-toolchain/bin/../lib/gcc/avr32/4.4.7/ucr3fp\libgcc.a(unwind-sjlj.o)
                0x80004e48                _Unwind_SjLj_Register
                0x80004e58                _Unwind_SjLj_Unregister
                0x80004e64                _Unwind_GetGR
                0x80004e6e                _Unwind_GetCFA
                0x80004e78                _Unwind_SetGR
                0x80004e82                _Unwind_GetIP
                0x80004e8a                _Unwind_GetIPInfo
                0x80004e9c                _Unwind_SetIP
                0x80004ea4                _Unwind_GetLanguageSpecificData
                0x80004eaa                _Unwind_GetRegionStart
                0x80004eac                _Unwind_FindEnclosingFunction
                0x80004eae                _Unwind_GetDataRelBase
                0x80004eb0                _Unwind_GetTextRelBase
                0x80004f38                _Unwind_DeleteException
                0x80004f48                _Unwind_Backtrace
                0x80005018                _Unwind_SjLj_Resume
                0x8000504c                _Unwind_SjLj_ForcedUnwind
                0x80005078                _Unwind_SjLj_RaiseException
                0x800050e0                _Unwind_SjLj_Resume_or_Rethrow
 .text.abort    0x8000511c       0x18 c:/program files (x86)/atmel/studio/7.0/toolchain/avr32/avr32-gnu-toolchain/bin/../lib/gcc/avr32/4.4.7/../../../../avr32/lib/ucr3fp\libc.a(lib_a-abort.o)
                0x8000511c                abort
 .text.atexit   0x80005134       0x14 c:/program files (x86)/atmel/studio/7.0/toolchain/avr32/avr32-gnu-toolchain/bin/../lib/gcc/avr32/4.4.7/../../../../avr32/lib/ucr3fp\libc.a(lib_a-atexit.o)
                0x80005134                atexit
 .text.exit     0x80005148       0x28 c:/program files (x86)/atmel/studio/7.0/toolchain/avr32/avr32-gnu-toolchain/bin/../lib/gcc/avr32/4.4.7/../../../../avr32/lib/ucr3fp\libc.a(lib_a-exit.o)
                0x80005148                exit
 .text._fputc_r
                0x80005170       0x58 c:/program files (x86)/atmel/studio/7.0/toolchain/avr32/avr32-gnu-toolchain/bin/../lib/gcc/avr32/4.4.7/../../../../avr32/lib/ucr3fp\libc.a(lib_a-fputc.o)
                0x80005170                _fputc_r
 .text.fputc    0x800051c8       0x18 c:/program files (x86)/atmel/studio/7.0/toolchain/avr32/avr32-gnu-toolchain/bin/../lib/gcc/avr32/4.4.7/../../../../avr32/lib/ucr3fp\libc.a(lib_a-fputc.o)
                0x800051c8                fputc
 .text._fputs_r
                0x800051e0       0x70 c:/program files (x86)/atmel/studio/7.0/toolchain/avr32/avr32-gnu-toolchain/bin/../lib/gcc/avr32/4.4.7/../../../../avr32/lib/ucr3fp\libc.a(lib_a-fputs.o)
                0x800051e0                _fputs_r
 .text.fputs    0x80005250       0x18 c:/program files (x86)/atmel/studio/7.0/toolchain/avr32/avr32-gnu-toolchain/bin/../lib/gcc/avr32/4.4.7/../../../../avr32/lib/ucr3fp\libc.a(lib_a-fputs.o)
                0x80005250                fputs
 .text.__sfvwrite_r
                0x80005268      0x2c4 c:/program files (x86)/atmel/studio/7.0/toolchain/avr32/avr32-gnu-toolchain/bin/../lib/gcc/avr32/4.4.7/../../../../avr32/lib/ucr3fp\libc.a(lib_a-fvwrite.o)
                0x80005268                __sfvwrite_r
 .text._fwrite_r
                0x8000552c       0x78 c:/program files (x86)/atmel/studio/7.0/toolchain/avr32/avr32-gnu-toolchain/bin/../lib/gcc/avr32/4.4.7/../../../../avr32/lib/ucr3fp\libc.a(lib_a-fwrite.o)
                0x8000552c                _fwrite_r
 .text.fwrite   0x800055a4       0x1c c:/program files (x86)/atmel/studio/7.0/toolchain/avr32/avr32-gnu-toolchain/bin/../lib/gcc/avr32/4.4.7/../../../../avr32/lib/ucr3fp\libc.a(lib_a-fwrite.o)
                0x800055a4                fwrite
 .text.free     0x800055c0       0x18 c:/program files (x86)/atmel/studio/7.0/toolchain/avr32/avr32-gnu-toolchain/bin/../lib/gcc/avr32/4.4.7/../../../../avr32/lib/ucr3fp\libc.a(lib_a-malloc.o)
                0x800055c0                free
 .text.malloc   0x800055d8       0x18 c:/program files (x86)/atmel/studio/7.0/toolchain/avr32/avr32-gnu-toolchain/bin/../lib/gcc/avr32/4.4.7/../../../../avr32/lib/ucr3fp\libc.a(lib_a-malloc.o)
                0x800055d8                malloc
 .text._malloc_r
                0x800055f0      0x450 c:/program files (x86)/atmel/studio/7.0/toolchain/avr32/avr32-gnu-toolchain/bin/../lib/gcc/avr32/4.4.7/../../../../avr32/lib/ucr3fp\libc.a(lib_a-mallocr.o)
                0x800055f0                _malloc_r
 .text.memchr   0x80005a40       0x16 c:/program files (x86)/atmel/studio/7.0/toolchain/avr32/avr32-gnu-toolchain/bin/../lib/gcc/avr32/4.4.7/../../../../avr32/lib/ucr3fp\libc.a(lib_a-memchr.o)
                0x80005a40                memchr
 .text.memcmp   0x80005a56       0x26 c:/program files (x86)/atmel/studio/7.0/toolchain/avr32/avr32-gnu-toolchain/bin/../lib/gcc/avr32/4.4.7/../../../../avr32/lib/ucr3fp\libc.a(lib_a-memcmp.o)
                0x80005a56                memcmp
 .text          0x80005a7c      0x148 c:/program files (x86)/atmel/studio/7.0/toolchain/avr32/avr32-gnu-toolchain/bin/../lib/gcc/avr32/4.4.7/../../../../avr32/lib/ucr3fp\libc.a(lib_a-memcpy.o)
                0x80005a7c                memcpy
 .text.memmove  0x80005bc4       0x3e c:/program files (x86)/atmel/studio/7.0/toolchain/avr32/avr32-gnu-toolchain/bin/../lib/gcc/avr32/4.4.7/../../../../avr32/lib/ucr3fp\libc.a(lib_a-memmove.o)
                0x80005bc4                memmove
 .text.memset   0x80005c02        0xe c:/program files (x86)/atmel/studio/7.0/toolchain/avr32/avr32-gnu-toolchain/bin/../lib/gcc/avr32/4.4.7/../../../../avr32/lib/ucr3fp\libc.a(lib_a-memset.o)
                0x80005c02                memset
 .text.__malloc_lock
                0x80005c10        0x2 c:/program files (x86)/atmel/studio/7.0/toolchain/avr32/avr32-gnu-toolchain/bin/../lib/gcc/avr32/4.4.7/../../../../avr32/lib/ucr3fp\libc.a(lib_a-mlock.o)
                0x80005c10                __malloc_lock
 .text.__malloc_unlock
                0x80005c12        0x2 c:/program files (x86)/atmel/studio/7.0/toolchain/avr32/avr32-gnu-toolchain/bin/../lib/gcc/avr32/4.4.7/../../../../avr32/lib/ucr3fp\libc.a(lib_a-mlock.o)
                0x80005c12                __malloc_unlock
 .text._putc_r  0x80005c14       0x8c c:/program files (x86)/atmel/studio/7.0/toolchain/avr32/avr32-gnu-toolchain/bin/../lib/gcc/avr32/4.4.7/../../../../avr32/lib/ucr3fp\libc.a(lib_a-putc.o)
                0x80005c14                _putc_r
 .text.realloc  0x80005ca0       0x18 c:/program files (x86)/atmel/studio/7.0/toolchain/avr32/avr32-gnu-toolchain/bin/../lib/gcc/avr32/4.4.7/../../../../avr32/lib/ucr3fp\libc.a(lib_a-realloc.o)
                0x80005ca0                realloc
 .text._realloc_r
                0x80005cb8      0x2e0 c:/program files (x86)/atmel/studio/7.0/toolchain/avr32/avr32-gnu-toolchain/bin/../lib/gcc/avr32/4.4.7/../../../../avr32/lib/ucr3fp\libc.a(lib_a-reallocr.o)
                0x80005cb8                _realloc_r
 .text._sbrk_r  0x80005f98       0x28 c:/program files (x86)/atmel/studio/7.0/toolchain/avr32/avr32-gnu-toolchain/bin/../lib/gcc/avr32/4.4.7/../../../../avr32/lib/ucr3fp\libc.a(lib_a-sbrkr.o)
                0x80005f98                _sbrk_r
 .text._raise_r
                0x80005fc0       0x58 c:/program files (x86)/atmel/studio/7.0/toolchain/avr32/avr32-gnu-toolchain/bin/../lib/gcc/avr32/4.4.7/../../../../avr32/lib/ucr3fp\libc.a(lib_a-signal.o)
                0x80005fc0                _raise_r
 .text.raise    0x80006018       0x18 c:/program files (x86)/atmel/studio/7.0/toolchain/avr32/avr32-gnu-toolchain/bin/../lib/gcc/avr32/4.4.7/../../../../avr32/lib/ucr3fp\libc.a(lib_a-signal.o)
                0x80006018                raise
 .text._getpid_r
                0x80006030        0xc c:/program files (x86)/atmel/studio/7.0/toolchain/avr32/avr32-gnu-toolchain/bin/../lib/gcc/avr32/4.4.7/../../../../avr32/lib/ucr3fp\libc.a(lib_a-signalr.o)
                0x80006030                _getpid_r
 .text._kill_r  0x8000603c       0x2c c:/program files (x86)/atmel/studio/7.0/toolchain/avr32/avr32-gnu-toolchain/bin/../lib/gcc/avr32/4.4.7/../../../../avr32/lib/ucr3fp\libc.a(lib_a-signalr.o)
                0x8000603c                _kill_r
 .text.sprintf  0x80006068       0x40 c:/program files (x86)/atmel/studio/7.0/toolchain/avr32/avr32-gnu-toolchain/bin/../lib/gcc/avr32/4.4.7/../../../../avr32/lib/ucr3fp\libc.a(lib_a-sprintf.o)
                0x80006068                sprintf
 .text          0x800060a8       0xa8 c:/program files (x86)/atmel/studio/7.0/toolchain/avr32/avr32-gnu-toolchain/bin/../lib/gcc/avr32/4.4.7/../../../../avr32/lib/ucr3fp\libc.a(lib_a-strcmp.o)
                0x800060a8                strcmp
 .text.strcpy   0x80006150       0x12 c:/program files (x86)/atmel/studio/7.0/toolchain/avr32/avr32-gnu-toolchain/bin/../lib/gcc/avr32/4.4.7/../../../../avr32/lib/ucr3fp\libc.a(lib_a-strcpy.o)
                0x80006150                strcpy
 .text.strlen   0x80006162       0x16 c:/program files (x86)/atmel/studio/7.0/toolchain/avr32/avr32-gnu-toolchain/bin/../lib/gcc/avr32/4.4.7/../../../../avr32/lib/ucr3fp\libc.a(lib_a-strlen.o)
                0x80006162                strlen
 .text.strncmp  0x80006178       0x26 c:/program files (x86)/atmel/studio/7.0/toolchain/avr32/avr32-gnu-toolchain/bin/../lib/gcc/avr32/4.4.7/../../../../avr32/lib/ucr3fp\libc.a(lib_a-strncmp.o)
                0x80006178                strncmp
 .text._init_startup
                0x8000619e        0x2 c:/program files (x86)/atmel/studio/7.0/toolchain/avr32/avr32-gnu-toolchain/bin/../lib/gcc/avr32/4.4.7/../../../../avr32/lib/ucr3fp\libc.a(lib_a-syscalls.o)
                0x8000619e                _init_startup
 .text._init_argv
                0x800061a0        0xa c:/program files (x86)/atmel/studio/7.0/toolchain/avr32/avr32-gnu-toolchain/bin/../lib/gcc/avr32/4.4.7/../../../../avr32/lib/ucr3fp\libc.a(lib_a-syscalls.o)
                0x800061a0                _init_argv
 .text._exit    0x800061aa        0xa c:/program files (x86)/atmel/studio/7.0/toolchain/avr32/avr32-gnu-toolchain/bin/../lib/gcc/avr32/4.4.7/../../../../avr32/lib/ucr3fp\libc.a(lib_a-syscalls.o)
                0x800061aa                _exit
 .text._close   0x800061b4       0x18 c:/program files (x86)/atmel/studio/7.0/toolchain/avr32/avr32-gnu-toolchain/bin/../lib/gcc/avr32/4.4.7/../../../../avr32/lib/ucr3fp\libc.a(lib_a-syscalls.o)
                0x800061b4                _close
 .text._lseek   0x800061cc       0x18 c:/program files (x86)/atmel/studio/7.0/toolchain/avr32/avr32-gnu-toolchain/bin/../lib/gcc/avr32/4.4.7/../../../../avr32/lib/ucr3fp\libc.a(lib_a-syscalls.o)
                0x800061cc                _lseek
 .text._read    0x800061e4       0x18 c:/program files (x86)/atmel/studio/7.0/toolchain/avr32/avr32-gnu-toolchain/bin/../lib/gcc/avr32/4.4.7/../../../../avr32/lib/ucr3fp\libc.a(lib_a-syscalls.o)
                0x800061e4                _read
 .text._write   0x800061fc       0x18 c:/program files (x86)/atmel/studio/7.0/toolchain/avr32/avr32-gnu-toolchain/bin/../lib/gcc/avr32/4.4.7/../../../../avr32/lib/ucr3fp\libc.a(lib_a-syscalls.o)
                0x800061fc                _write
 .text.isatty   0x80006214       0x18 c:/program files (x86)/atmel/studio/7.0/toolchain/avr32/avr32-gnu-toolchain/bin/../lib/gcc/avr32/4.4.7/../../../../avr32/lib/ucr3fp\libc.a(lib_a-syscalls.o)
                0x80006214                isatty
 .text._fstat_host
                0x8000622c       0x18 c:/program files (x86)/atmel/studio/7.0/toolchain/avr32/avr32-gnu-toolchain/bin/../lib/gcc/avr32/4.4.7/../../../../avr32/lib/ucr3fp\libc.a(lib_a-syscalls.o)
                0x8000622c                _fstat_host
 .text._fstat   0x80006244       0x50 c:/program files (x86)/atmel/studio/7.0/toolchain/avr32/avr32-gnu-toolchain/bin/../lib/gcc/avr32/4.4.7/../../../../avr32/lib/ucr3fp\libc.a(lib_a-syscalls.o)
                0x80006244                _fstat
 .text._kill    0x80006294        0x2 c:/program files (x86)/atmel/studio/7.0/toolchain/avr32/avr32-gnu-toolchain/bin/../lib/gcc/avr32/4.4.7/../../../../avr32/lib/ucr3fp\libc.a(lib_a-syscalls.o)
                0x80006294                _kill
 .text._getpid  0x80006296        0x2 c:/program files (x86)/atmel/studio/7.0/toolchain/avr32/avr32-gnu-toolchain/bin/../lib/gcc/avr32/4.4.7/../../../../avr32/lib/ucr3fp\libc.a(lib_a-syscalls.o)
                0x80006296                _getpid
 .text._sbrk    0x80006298       0x40 c:/program files (x86)/atmel/studio/7.0/toolchain/avr32/avr32-gnu-toolchain/bin/../lib/gcc/avr32/4.4.7/../../../../avr32/lib/ucr3fp\libc.a(lib_a-syscalls.o)
                0x80006298                _sbrk
 .text.get_arg  0x800062d8      0x324 c:/program files (x86)/atmel/studio/7.0/toolchain/avr32/avr32-gnu-toolchain/bin/../lib/gcc/avr32/4.4.7/../../../../avr32/lib/ucr3fp\libc.a(lib_a-vfprintf.o)
 .text.__sprint_r
                0x800065fc       0x20 c:/program files (x86)/atmel/studio/7.0/toolchain/avr32/avr32-gnu-toolchain/bin/../lib/gcc/avr32/4.4.7/../../../../avr32/lib/ucr3fp\libc.a(lib_a-vfprintf.o)
 .text._vfprintf_r
                0x8000661c     0x1f9c c:/program files (x86)/atmel/studio/7.0/toolchain/avr32/avr32-gnu-toolchain/bin/../lib/gcc/avr32/4.4.7/../../../../avr32/lib/ucr3fp\libc.a(lib_a-vfprintf.o)
                0x8000661c                _vfprintf_r
 .text.__swbuf_r
                0x800085b8       0xbc c:/program files (x86)/atmel/studio/7.0/toolchain/avr32/avr32-gnu-toolchain/bin/../lib/gcc/avr32/4.4.7/../../../../avr32/lib/ucr3fp\libc.a(lib_a-wbuf.o)
                0x800085b8                __swbuf_r
 .text.__swsetup_r
                0x80008674       0xe8 c:/program files (x86)/atmel/studio/7.0/toolchain/avr32/avr32-gnu-toolchain/bin/../lib/gcc/avr32/4.4.7/../../../../avr32/lib/ucr3fp\libc.a(lib_a-wsetup.o)
                0x80008674                __swsetup_r
 .text.__register_exitproc
                0x8000875c       0xac c:/program files (x86)/atmel/studio/7.0/toolchain/avr32/avr32-gnu-toolchain/bin/../lib/gcc/avr32/4.4.7/../../../../avr32/lib/ucr3fp\libc.a(lib_a-__atexit.o)
                0x8000875c                __register_exitproc
 .text.__call_exitprocs
                0x80008808       0xd4 c:/program files (x86)/atmel/studio/7.0/toolchain/avr32/avr32-gnu-toolchain/bin/../lib/gcc/avr32/4.4.7/../../../../avr32/lib/ucr3fp\libc.a(lib_a-__call_atexit.o)
                0x80008808                __call_exitprocs
 .text.quorem   0x800088dc      0x124 c:/program files (x86)/atmel/studio/7.0/toolchain/avr32/avr32-gnu-toolchain/bin/../lib/gcc/avr32/4.4.7/../../../../avr32/lib/ucr3fp\libc.a(lib_a-dtoa.o)
 .text._dtoa_r  0x80008a00      0xc90 c:/program files (x86)/atmel/studio/7.0/toolchain/avr32/avr32-gnu-toolchain/bin/../lib/gcc/avr32/4.4.7/../../../../avr32/lib/ucr3fp\libc.a(lib_a-dtoa.o)
                0x80008a00                _dtoa_r
 .text.__errno  0x80009690        0xc c:/program files (x86)/atmel/studio/7.0/toolchain/avr32/avr32-gnu-toolchain/bin/../lib/gcc/avr32/4.4.7/../../../../avr32/lib/ucr3fp\libc.a(lib_a-errno.o)
                0x80009690                __errno
 .text._fflush_r
                0x8000969c      0x118 c:/program files (x86)/atmel/studio/7.0/toolchain/avr32/avr32-gnu-toolchain/bin/../lib/gcc/avr32/4.4.7/../../../../avr32/lib/ucr3fp\libc.a(lib_a-fflush.o)
                0x8000969c                _fflush_r
 .text.__sfp_lock_acquire
                0x800097b4        0x2 c:/program files (x86)/atmel/studio/7.0/toolchain/avr32/avr32-gnu-toolchain/bin/../lib/gcc/avr32/4.4.7/../../../../avr32/lib/ucr3fp\libc.a(lib_a-findfp.o)
                0x800097b4                __sfp_lock_acquire
 .text.__sfp_lock_release
                0x800097b6        0x2 c:/program files (x86)/atmel/studio/7.0/toolchain/avr32/avr32-gnu-toolchain/bin/../lib/gcc/avr32/4.4.7/../../../../avr32/lib/ucr3fp\libc.a(lib_a-findfp.o)
                0x800097b6                __sfp_lock_release
 .text._cleanup_r
                0x800097b8       0x14 c:/program files (x86)/atmel/studio/7.0/toolchain/avr32/avr32-gnu-toolchain/bin/../lib/gcc/avr32/4.4.7/../../../../avr32/lib/ucr3fp\libc.a(lib_a-findfp.o)
                0x800097b8                _cleanup_r
 .text.__sfmoreglue
                0x800097cc       0x30 c:/program files (x86)/atmel/studio/7.0/toolchain/avr32/avr32-gnu-toolchain/bin/../lib/gcc/avr32/4.4.7/../../../../avr32/lib/ucr3fp\libc.a(lib_a-findfp.o)
                0x800097cc                __sfmoreglue
 .text.__sfp    0x800097fc       0x7c c:/program files (x86)/atmel/studio/7.0/toolchain/avr32/avr32-gnu-toolchain/bin/../lib/gcc/avr32/4.4.7/../../../../avr32/lib/ucr3fp\libc.a(lib_a-findfp.o)
                0x800097fc                __sfp
 .text.__sinit  0x80009878       0xb0 c:/program files (x86)/atmel/studio/7.0/toolchain/avr32/avr32-gnu-toolchain/bin/../lib/gcc/avr32/4.4.7/../../../../avr32/lib/ucr3fp\libc.a(lib_a-findfp.o)
                0x80009878                __sinit
 .text._malloc_trim_r
                0x80009928       0xa8 c:/program files (x86)/atmel/studio/7.0/toolchain/avr32/avr32-gnu-toolchain/bin/../lib/gcc/avr32/4.4.7/../../../../avr32/lib/ucr3fp\libc.a(lib_a-freer.o)
                0x80009928                _malloc_trim_r
 .text._free_r  0x800099d0      0x1a0 c:/program files (x86)/atmel/studio/7.0/toolchain/avr32/avr32-gnu-toolchain/bin/../lib/gcc/avr32/4.4.7/../../../../avr32/lib/ucr3fp\libc.a(lib_a-freer.o)
                0x800099d0                _free_r
 .text._fwalk   0x80009b70       0x54 c:/program files (x86)/atmel/studio/7.0/toolchain/avr32/avr32-gnu-toolchain/bin/../lib/gcc/avr32/4.4.7/../../../../avr32/lib/ucr3fp\libc.a(lib_a-fwalk.o)
                0x80009b70                _fwalk
 .text._localeconv_r
                0x80009bc4        0x8 c:/program files (x86)/atmel/studio/7.0/toolchain/avr32/avr32-gnu-toolchain/bin/../lib/gcc/avr32/4.4.7/../../../../avr32/lib/ucr3fp\libc.a(lib_a-locale.o)
                0x80009bc4                _localeconv_r
 .text.__smakebuf_r
                0x80009bcc       0xcc c:/program files (x86)/atmel/studio/7.0/toolchain/avr32/avr32-gnu-toolchain/bin/../lib/gcc/avr32/4.4.7/../../../../avr32/lib/ucr3fp\libc.a(lib_a-makebuf.o)
                0x80009bcc                __smakebuf_r
 .text.__hi0bits
                0x80009c98       0x60 c:/program files (x86)/atmel/studio/7.0/toolchain/avr32/avr32-gnu-toolchain/bin/../lib/gcc/avr32/4.4.7/../../../../avr32/lib/ucr3fp\libc.a(lib_a-mprec.o)
                0x80009c98                __hi0bits
 .text.__lo0bits
                0x80009cf8       0x8e c:/program files (x86)/atmel/studio/7.0/toolchain/avr32/avr32-gnu-toolchain/bin/../lib/gcc/avr32/4.4.7/../../../../avr32/lib/ucr3fp\libc.a(lib_a-mprec.o)
                0x80009cf8                __lo0bits
 .text.__mcmp   0x80009d86       0x32 c:/program files (x86)/atmel/studio/7.0/toolchain/avr32/avr32-gnu-toolchain/bin/../lib/gcc/avr32/4.4.7/../../../../avr32/lib/ucr3fp\libc.a(lib_a-mprec.o)
                0x80009d86                __mcmp
 .text._Bfree   0x80009db8       0x38 c:/program files (x86)/atmel/studio/7.0/toolchain/avr32/avr32-gnu-toolchain/bin/../lib/gcc/avr32/4.4.7/../../../../avr32/lib/ucr3fp\libc.a(lib_a-mprec.o)
                0x80009db8                _Bfree
 .text._Balloc  0x80009df0       0x78 c:/program files (x86)/atmel/studio/7.0/toolchain/avr32/avr32-gnu-toolchain/bin/../lib/gcc/avr32/4.4.7/../../../../avr32/lib/ucr3fp\libc.a(lib_a-mprec.o)
                0x80009df0                _Balloc
 .text.__d2b    0x80009e68       0xb4 c:/program files (x86)/atmel/studio/7.0/toolchain/avr32/avr32-gnu-toolchain/bin/../lib/gcc/avr32/4.4.7/../../../../avr32/lib/ucr3fp\libc.a(lib_a-mprec.o)
                0x80009e68                __d2b
 .text.__mdiff  0x80009f1c       0xd8 c:/program files (x86)/atmel/studio/7.0/toolchain/avr32/avr32-gnu-toolchain/bin/../lib/gcc/avr32/4.4.7/../../../../avr32/lib/ucr3fp\libc.a(lib_a-mprec.o)
                0x80009f1c                __mdiff
 .text.__lshift
                0x80009ff4       0x94 c:/program files (x86)/atmel/studio/7.0/toolchain/avr32/avr32-gnu-toolchain/bin/../lib/gcc/avr32/4.4.7/../../../../avr32/lib/ucr3fp\libc.a(lib_a-mprec.o)
                0x80009ff4                __lshift
 .text.__multiply
                0x8000a088      0x108 c:/program files (x86)/atmel/studio/7.0/toolchain/avr32/avr32-gnu-toolchain/bin/../lib/gcc/avr32/4.4.7/../../../../avr32/lib/ucr3fp\libc.a(lib_a-mprec.o)
                0x8000a088                __multiply
 .text.__i2b    0x8000a190       0x18 c:/program files (x86)/atmel/studio/7.0/toolchain/avr32/avr32-gnu-toolchain/bin/../lib/gcc/avr32/4.4.7/../../../../avr32/lib/ucr3fp\libc.a(lib_a-mprec.o)
                0x8000a190                __i2b
 .text.__multadd
                0x8000a1a8       0x88 c:/program files (x86)/atmel/studio/7.0/toolchain/avr32/avr32-gnu-toolchain/bin/../lib/gcc/avr32/4.4.7/../../../../avr32/lib/ucr3fp\libc.a(lib_a-mprec.o)
                0x8000a1a8                __multadd
 .text.__pow5mult
                0x8000a230       0xac c:/program files (x86)/atmel/studio/7.0/toolchain/avr32/avr32-gnu-toolchain/bin/../lib/gcc/avr32/4.4.7/../../../../avr32/lib/ucr3fp\libc.a(lib_a-mprec.o)
                0x8000a230                __pow5mult
 .text.__isinfd
                0x8000a2dc       0x2a c:/program files (x86)/atmel/studio/7.0/toolchain/avr32/avr32-gnu-toolchain/bin/../lib/gcc/avr32/4.4.7/../../../../avr32/lib/ucr3fp\libc.a(lib_a-s_isinfd.o)
                0x8000a2dc                __isinfd
 .text.__isnand
                0x8000a306       0x1c c:/program files (x86)/atmel/studio/7.0/toolchain/avr32/avr32-gnu-toolchain/bin/../lib/gcc/avr32/4.4.7/../../../../avr32/lib/ucr3fp\libc.a(lib_a-s_isnand.o)
                0x8000a306                __isnand
 *fill*         0x8000a322        0x2 d703d703
 .text.__sclose
                0x8000a324       0x10 c:/program files (x86)/atmel/studio/7.0/toolchain/avr32/avr32-gnu-toolchain/bin/../lib/gcc/avr32/4.4.7/../../../../avr32/lib/ucr3fp\libc.a(lib_a-stdio.o)
                0x8000a324                __sclose
 .text.__sseek  0x8000a334       0x28 c:/program files (x86)/atmel/studio/7.0/toolchain/avr32/avr32-gnu-toolchain/bin/../lib/gcc/avr32/4.4.7/../../../../avr32/lib/ucr3fp\libc.a(lib_a-stdio.o)
                0x8000a334                __sseek
 .text.__swrite
                0x8000a35c       0x38 c:/program files (x86)/atmel/studio/7.0/toolchain/avr32/avr32-gnu-toolchain/bin/../lib/gcc/avr32/4.4.7/../../../../avr32/lib/ucr3fp\libc.a(lib_a-stdio.o)
                0x8000a35c                __swrite
 .text.__sread  0x8000a394       0x24 c:/program files (x86)/atmel/studio/7.0/toolchain/avr32/avr32-gnu-toolchain/bin/../lib/gcc/avr32/4.4.7/../../../../avr32/lib/ucr3fp\libc.a(lib_a-stdio.o)
                0x8000a394                __sread
 .text._write_r
                0x8000a3b8       0x2c c:/program files (x86)/atmel/studio/7.0/toolchain/avr32/avr32-gnu-toolchain/bin/../lib/gcc/avr32/4.4.7/../../../../avr32/lib/ucr3fp\libc.a(lib_a-writer.o)
                0x8000a3b8                _write_r
 .text._calloc_r
                0x8000a3e4       0x60 c:/program files (x86)/atmel/studio/7.0/toolchain/avr32/avr32-gnu-toolchain/bin/../lib/gcc/avr32/4.4.7/../../../../avr32/lib/ucr3fp\libc.a(lib_a-callocr.o)
                0x8000a3e4                _calloc_r
 .text._close_r
                0x8000a444       0x28 c:/program files (x86)/atmel/studio/7.0/toolchain/avr32/avr32-gnu-toolchain/bin/../lib/gcc/avr32/4.4.7/../../../../avr32/lib/ucr3fp\libc.a(lib_a-closer.o)
                0x8000a444                _close_r
 .text._fclose_r
                0x8000a46c       0xd0 c:/program files (x86)/atmel/studio/7.0/toolchain/avr32/avr32-gnu-toolchain/bin/../lib/gcc/avr32/4.4.7/../../../../avr32/lib/ucr3fp\libc.a(lib_a-fclose.o)
                0x8000a46c                _fclose_r
 .text.fclose   0x8000a53c       0x18 c:/program files (x86)/atmel/studio/7.0/toolchain/avr32/avr32-gnu-toolchain/bin/../lib/gcc/avr32/4.4.7/../../../../avr32/lib/ucr3fp\libc.a(lib_a-fclose.o)
                0x8000a53c                fclose
 .text._fstat_r
                0x8000a554       0x2c c:/program files (x86)/atmel/studio/7.0/toolchain/avr32/avr32-gnu-toolchain/bin/../lib/gcc/avr32/4.4.7/../../../../avr32/lib/ucr3fp\libc.a(lib_a-fstatr.o)
                0x8000a554                _fstat_r
 .text._lseek_r
                0x8000a580       0x2c c:/program files (x86)/atmel/studio/7.0/toolchain/avr32/avr32-gnu-toolchain/bin/../lib/gcc/avr32/4.4.7/../../../../avr32/lib/ucr3fp\libc.a(lib_a-lseekr.o)
                0x8000a580                _lseek_r
 .text._read_r  0x8000a5ac       0x2c c:/program files (x86)/atmel/studio/7.0/toolchain/avr32/avr32-gnu-toolchain/bin/../lib/gcc/avr32/4.4.7/../../../../avr32/lib/ucr3fp\libc.a(lib_a-readr.o)
                0x8000a5ac                _read_r
 .text          0x8000a5d8      0x1d4 c:/program files (x86)/atmel/studio/7.0/toolchain/avr32/avr32-gnu-toolchain/bin/../lib/gcc/avr32/4.4.7/ucr3fp\libgcc.a(_avr32_f64_mul.o)
                0x8000a5d8                __avr32_f64_mul
 .text          0x8000a7ac      0x2b0 c:/program files (x86)/atmel/studio/7.0/toolchain/avr32/avr32-gnu-toolchain/bin/../lib/gcc/avr32/4.4.7/ucr3fp\libgcc.a(_avr32_f64_addsub.o)
                0x8000a7b0                __avr32_f64_sub
                0x8000a94c                __avr32_f64_add
 .text          0x8000aa5c       0x2a c:/program files (x86)/atmel/studio/7.0/toolchain/avr32/avr32-gnu-toolchain/bin/../lib/gcc/avr32/4.4.7/ucr3fp\libgcc.a(_avr32_f64_to_s32.o)
                0x8000aa5c                __avr32_f64_to_u32
                0x8000aa60                __avr32_f64_to_s32
 .text          0x8000aa86       0xe8 c:/program files (x86)/atmel/studio/7.0/toolchain/avr32/avr32-gnu-toolchain/bin/../lib/gcc/avr32/4.4.7/ucr3fp\libgcc.a(_avr32_s32_to_f64.o)
                0x8000aa86                __avr32_u32_to_f64
                0x8000aa8e                __avr32_s32_to_f64
 .text          0x8000ab6e       0x26 c:/program files (x86)/atmel/studio/7.0/toolchain/avr32/avr32-gnu-toolchain/bin/../lib/gcc/avr32/4.4.7/ucr3fp\libgcc.a(_avr32_f64_cmp_eq.o)
                0x8000ab6e                __avr32_f64_cmp_eq
 .text          0x8000ab94       0x68 c:/program files (x86)/atmel/studio/7.0/toolchain/avr32/avr32-gnu-toolchain/bin/../lib/gcc/avr32/4.4.7/ucr3fp\libgcc.a(_avr32_f64_cmp_ge.o)
                0x8000ab94                __avr32_f64_cmp_ge
 .text          0x8000abfc       0x68 c:/program files (x86)/atmel/studio/7.0/toolchain/avr32/avr32-gnu-toolchain/bin/../lib/gcc/avr32/4.4.7/ucr3fp\libgcc.a(_avr32_f64_cmp_lt.o)
                0x8000abfc                __avr32_f64_cmp_lt
 .text          0x8000ac64      0x318 c:/program files (x86)/atmel/studio/7.0/toolchain/avr32/avr32-gnu-toolchain/bin/../lib/gcc/avr32/4.4.7/ucr3fp\libgcc.a(_avr32_f64_div.o)
                0x8000ac64                __avr32_f64_div
 .text          0x8000af7c      0x20c c:/program files (x86)/atmel/studio/7.0/toolchain/avr32/avr32-gnu-toolchain/bin/../lib/gcc/avr32/4.4.7/ucr3fp\libgcc.a(_umoddi3.o)
                0x8000af7c                __avr32_umod64
                0x8000af7c                __umoddi3
 .text          0x8000b188       0x18 c:/program files (x86)/atmel/studio/7.0/toolchain/avr32/avr32-gnu-toolchain/bin/../lib/gcc/avr32/4.4.7/ucr3fp/crtend.o
 *(.text.*personality*)
 *(.gnu.warning)

.fini           0x8000b1a0       0x18
 *(.fini)
 .fini          0x8000b1a0       0x10 c:/program files (x86)/atmel/studio/7.0/toolchain/avr32/avr32-gnu-toolchain/bin/../lib/gcc/avr32/4.4.7/ucr3fp/crti.o
                0x8000b1a0                _fini
 .fini          0x8000b1b0        0x4 c:/program files (x86)/atmel/studio/7.0/toolchain/avr32/avr32-gnu-toolchain/bin/../lib/gcc/avr32/4.4.7/ucr3fp/crtbegin.o
 .fini          0x8000b1b4        0x4 c:/program files (x86)/atmel/studio/7.0/toolchain/avr32/avr32-gnu-toolchain/bin/../lib/gcc/avr32/4.4.7/ucr3fp/crtn.o
                0x8000b1b8                PROVIDE (__etext, .)
                0x8000b1b8                PROVIDE (_etext, .)
                0x8000b1b8                PROVIDE (etext, .)

.rodata         0x8000b1b8     0x10a4
 *(.rodata .rodata.* .gnu.linkonce.r.*)
 .rodata._ZTVN5Empty9HAL_EmptyE
                0x8000b1b8        0xc src/libraries/AP_HAL_Empty/HAL_Empty_Class.o
                0x8000b1b8                vtable for Empty::HAL_Empty
 .rodata._ZTSN5Empty9HAL_EmptyE
                0x8000b1c4       0x14 src/libraries/AP_HAL_Empty/HAL_Empty_Class.o
                0x8000b1c4                typeinfo name for Empty::HAL_Empty
 .rodata._ZTIN5Empty9HAL_EmptyE
                0x8000b1d8        0xc src/libraries/AP_HAL_Empty/HAL_Empty_Class.o
                0x8000b1d8                typeinfo for Empty::HAL_Empty
 .rodata._ZTIN6AP_HAL3HALE
                0x8000b1e4        0x8 src/libraries/AP_HAL_Empty/HAL_Empty_Class.o
                0x8000b1e4                typeinfo for AP_HAL::HAL
 .rodata._ZTSN6AP_HAL3HALE
                0x8000b1ec       0x10 src/libraries/AP_HAL_Empty/HAL_Empty_Class.o
                0x8000b1ec                typeinfo name for AP_HAL::HAL
 .rodata._ZTVN5Empty14EmptySchedulerE
                0x8000b1fc       0x44 src/libraries/AP_HAL_Empty/Scheduler.o
                0x8000b1fc                vtable for Empty::EmptyScheduler
 .rodata._ZTSN5Empty14EmptySchedulerE
                0x8000b240       0x1c src/libraries/AP_HAL_Empty/Scheduler.o
                0x8000b240                typeinfo name for Empty::EmptyScheduler
 .rodata._ZTIN5Empty14EmptySchedulerE
                0x8000b25c        0xc src/libraries/AP_HAL_Empty/Scheduler.o
                0x8000b25c                typeinfo for Empty::EmptyScheduler
 .rodata._ZTIN6AP_HAL9SchedulerE
                0x8000b268        0x8 src/libraries/AP_HAL_Empty/Scheduler.o
                0x8000b268                typeinfo for AP_HAL::Scheduler
 .rodata._ZTSN6AP_HAL9SchedulerE
                0x8000b270       0x14 src/libraries/AP_HAL_Empty/Scheduler.o
                0x8000b270                typeinfo name for AP_HAL::Scheduler
 .rodata._ZTVN5Empty15EmptyUARTDriverE
                0x8000b284       0x44 src/libraries/AP_HAL_Empty/UARTDriver.o
                0x8000b284                vtable for Empty::EmptyUARTDriver
 .rodata._ZTSN5Empty15EmptyUARTDriverE
                0x8000b2c8       0x1c src/libraries/AP_HAL_Empty/UARTDriver.o
                0x8000b2c8                typeinfo name for Empty::EmptyUARTDriver
 .rodata._ZTIN5Empty15EmptyUARTDriverE
                0x8000b2e4        0xc src/libraries/AP_HAL_Empty/UARTDriver.o
                0x8000b2e4                typeinfo for Empty::EmptyUARTDriver
 .rodata._ZTIN6AP_HAL10UARTDriverE
                0x8000b2f0        0x8 src/libraries/AP_HAL_Empty/UARTDriver.o
                0x8000b2f0                typeinfo for AP_HAL::UARTDriver
 .rodata._ZTSN6AP_HAL10UARTDriverE
                0x8000b2f8       0x18 src/libraries/AP_HAL_Empty/UARTDriver.o
                0x8000b2f8                typeinfo name for AP_HAL::UARTDriver
 .rodata.SD_MMC_SPI_GPIO_MAP.14556
                0x8000b310       0x20 src/ASF/avr32/boards/uc3c_ek/init.o
 .rodata.COMPORT_GPIO_MAP.14557
                0x8000b330       0x10 src/ASF/avr32/boards/uc3c_ek/init.o
 .rodata.TWI_GPIO_MAP.14558
                0x8000b340       0x10 src/ASF/avr32/boards/uc3c_ek/init.o
 .rodata.AT45DBX_SPI_GPIO_MAP.14555
                0x8000b350       0x20 src/ASF/avr32/boards/uc3c_ek/init.o
 .rodata.gpio_enable_module_pin
                0x8000b370       0x20 src/ASF/avr32/drivers/gpio/gpio.o
 .rodata.str1.4
                0x8000b390        0xd src/main.o
                                 0x10 (size before relaxing)
 *fill*         0x8000b39d        0x3 
 .rodata._ZTVN10__cxxabiv117__class_type_infoE
                0x8000b3a0       0x2c c:/program files (x86)/atmel/studio/7.0/toolchain/avr32/avr32-gnu-toolchain/bin/../lib/gcc/avr32/4.4.7/ucr3fp\libstdc++.a(class_type_info.o)
                0x8000b3a0                vtable for __cxxabiv1::__class_type_info
 .rodata._ZTSN10__cxxabiv117__class_type_infoE
                0x8000b3cc       0x24 c:/program files (x86)/atmel/studio/7.0/toolchain/avr32/avr32-gnu-toolchain/bin/../lib/gcc/avr32/4.4.7/ucr3fp\libstdc++.a(class_type_info.o)
                0x8000b3cc                typeinfo name for __cxxabiv1::__class_type_info
 .rodata._ZTIN10__cxxabiv117__class_type_infoE
                0x8000b3f0        0xc c:/program files (x86)/atmel/studio/7.0/toolchain/avr32/avr32-gnu-toolchain/bin/../lib/gcc/avr32/4.4.7/ucr3fp\libstdc++.a(class_type_info.o)
                0x8000b3f0                typeinfo for __cxxabiv1::__class_type_info
 .rodata._ZTVN10__cxxabiv120__si_class_type_infoE
                0x8000b3fc       0x2c c:/program files (x86)/atmel/studio/7.0/toolchain/avr32/avr32-gnu-toolchain/bin/../lib/gcc/avr32/4.4.7/ucr3fp\libstdc++.a(si_class_type_info.o)
                0x8000b3fc                vtable for __cxxabiv1::__si_class_type_info
 .rodata._ZTSN10__cxxabiv120__si_class_type_infoE
                0x8000b428       0x28 c:/program files (x86)/atmel/studio/7.0/toolchain/avr32/avr32-gnu-toolchain/bin/../lib/gcc/avr32/4.4.7/ucr3fp\libstdc++.a(si_class_type_info.o)
                0x8000b428                typeinfo name for __cxxabiv1::__si_class_type_info
 .rodata._ZTIN10__cxxabiv120__si_class_type_infoE
                0x8000b450        0xc c:/program files (x86)/atmel/studio/7.0/toolchain/avr32/avr32-gnu-toolchain/bin/../lib/gcc/avr32/4.4.7/ucr3fp\libstdc++.a(si_class_type_info.o)
                0x8000b450                typeinfo for __cxxabiv1::__si_class_type_info
 .rodata._ZTVSt9type_info
                0x8000b45c       0x20 c:/program files (x86)/atmel/studio/7.0/toolchain/avr32/avr32-gnu-toolchain/bin/../lib/gcc/avr32/4.4.7/ucr3fp\libstdc++.a(tinfo.o)
                0x8000b45c                vtable for std::type_info
 .rodata._ZTSSt9type_info
                0x8000b47c       0x10 c:/program files (x86)/atmel/studio/7.0/toolchain/avr32/avr32-gnu-toolchain/bin/../lib/gcc/avr32/4.4.7/ucr3fp\libstdc++.a(tinfo.o)
                0x8000b47c                typeinfo name for std::type_info
 .rodata._ZTISt9type_info
                0x8000b48c        0x8 c:/program files (x86)/atmel/studio/7.0/toolchain/avr32/avr32-gnu-toolchain/bin/../lib/gcc/avr32/4.4.7/ucr3fp\libstdc++.a(tinfo.o)
                0x8000b48c                typeinfo for std::type_info
 .rodata.str1.4
                0x8000b494       0x92 c:/program files (x86)/atmel/studio/7.0/toolchain/avr32/avr32-gnu-toolchain/bin/../lib/gcc/avr32/4.4.7/ucr3fp\libstdc++.a(vterminate.o)
                                 0x94 (size before relaxing)
 *fill*         0x8000b526        0x2 
 .rodata._ZL28read_encoded_value_with_basehjPKhPj
                0x8000b528       0x34 c:/program files (x86)/atmel/studio/7.0/toolchain/avr32/avr32-gnu-toolchain/bin/../lib/gcc/avr32/4.4.7/ucr3fp\libstdc++.a(eh_personality.o)
 .rodata._ZTVSt13bad_exception
                0x8000b55c       0x14 c:/program files (x86)/atmel/studio/7.0/toolchain/avr32/avr32-gnu-toolchain/bin/../lib/gcc/avr32/4.4.7/ucr3fp\libstdc++.a(eh_exception.o)
                0x8000b55c                vtable for std::bad_exception
 .rodata._ZTVSt9exception
                0x8000b570       0x14 c:/program files (x86)/atmel/studio/7.0/toolchain/avr32/avr32-gnu-toolchain/bin/../lib/gcc/avr32/4.4.7/ucr3fp\libstdc++.a(eh_exception.o)
                0x8000b570                vtable for std::exception
 .rodata._ZTSN10__cxxabiv119__foreign_exceptionE
                0x8000b584       0x24 c:/program files (x86)/atmel/studio/7.0/toolchain/avr32/avr32-gnu-toolchain/bin/../lib/gcc/avr32/4.4.7/ucr3fp\libstdc++.a(eh_exception.o)
                0x8000b584                typeinfo name for __cxxabiv1::__foreign_exception
 .rodata._ZTIN10__cxxabiv119__foreign_exceptionE
                0x8000b5a8        0x8 c:/program files (x86)/atmel/studio/7.0/toolchain/avr32/avr32-gnu-toolchain/bin/../lib/gcc/avr32/4.4.7/ucr3fp\libstdc++.a(eh_exception.o)
                0x8000b5a8                typeinfo for __cxxabiv1::__foreign_exception
 .rodata._ZTSN10__cxxabiv115__forced_unwindE
                0x8000b5b0       0x20 c:/program files (x86)/atmel/studio/7.0/toolchain/avr32/avr32-gnu-toolchain/bin/../lib/gcc/avr32/4.4.7/ucr3fp\libstdc++.a(eh_exception.o)
                0x8000b5b0                typeinfo name for __cxxabiv1::__forced_unwind
 .rodata._ZTIN10__cxxabiv115__forced_unwindE
                0x8000b5d0        0x8 c:/program files (x86)/atmel/studio/7.0/toolchain/avr32/avr32-gnu-toolchain/bin/../lib/gcc/avr32/4.4.7/ucr3fp\libstdc++.a(eh_exception.o)
                0x8000b5d0                typeinfo for __cxxabiv1::__forced_unwind
 .rodata._ZTSSt13bad_exception
                0x8000b5d8       0x14 c:/program files (x86)/atmel/studio/7.0/toolchain/avr32/avr32-gnu-toolchain/bin/../lib/gcc/avr32/4.4.7/ucr3fp\libstdc++.a(eh_exception.o)
                0x8000b5d8                typeinfo name for std::bad_exception
 .rodata._ZTISt13bad_exception
                0x8000b5ec        0xc c:/program files (x86)/atmel/studio/7.0/toolchain/avr32/avr32-gnu-toolchain/bin/../lib/gcc/avr32/4.4.7/ucr3fp\libstdc++.a(eh_exception.o)
                0x8000b5ec                typeinfo for std::bad_exception
 .rodata._ZTSSt9exception
                0x8000b5f8       0x10 c:/program files (x86)/atmel/studio/7.0/toolchain/avr32/avr32-gnu-toolchain/bin/../lib/gcc/avr32/4.4.7/ucr3fp\libstdc++.a(eh_exception.o)
                0x8000b5f8                typeinfo name for std::exception
 .rodata._ZTISt9exception
                0x8000b608        0x8 c:/program files (x86)/atmel/studio/7.0/toolchain/avr32/avr32-gnu-toolchain/bin/../lib/gcc/avr32/4.4.7/ucr3fp\libstdc++.a(eh_exception.o)
                0x8000b608                typeinfo for std::exception
 .rodata.str1.4
                0x8000b610       0x23 c:/program files (x86)/atmel/studio/7.0/toolchain/avr32/avr32-gnu-toolchain/bin/../lib/gcc/avr32/4.4.7/ucr3fp\libstdc++.a(eh_exception.o)
                                 0x24 (size before relaxing)
 *fill*         0x8000b633        0x1 
 .rodata.str1.4
                0x8000b634      0x6a3 c:/program files (x86)/atmel/studio/7.0/toolchain/avr32/avr32-gnu-toolchain/bin/../lib/gcc/avr32/4.4.7/ucr3fp\libstdc++.a(cp-demangle.o)
                                0x6d0 (size before relaxing)
 *fill*         0x8000bcd7        0x1 
 .rodata.str1.4
                0x8000bcd8        0x2 c:/program files (x86)/atmel/studio/7.0/toolchain/avr32/avr32-gnu-toolchain/bin/../lib/gcc/avr32/4.4.7/../../../../avr32/lib/ucr3fp\libc.a(lib_a-impure.o)
                                  0x4 (size before relaxing)
 *fill*         0x8000bcda        0x2 
 .rodata._global_impure_ptr
                0x8000bcdc        0x4 c:/program files (x86)/atmel/studio/7.0/toolchain/avr32/avr32-gnu-toolchain/bin/../lib/gcc/avr32/4.4.7/../../../../avr32/lib/ucr3fp\libc.a(lib_a-impure.o)
                0x8000bcdc                _global_impure_ptr
 .rodata.get_arg
                0x8000bce0       0x3c c:/program files (x86)/atmel/studio/7.0/toolchain/avr32/avr32-gnu-toolchain/bin/../lib/gcc/avr32/4.4.7/../../../../avr32/lib/ucr3fp\libc.a(lib_a-vfprintf.o)
 .rodata._vfprintf_r
                0x8000bd1c      0x164 c:/program files (x86)/atmel/studio/7.0/toolchain/avr32/avr32-gnu-toolchain/bin/../lib/gcc/avr32/4.4.7/../../../../avr32/lib/ucr3fp\libc.a(lib_a-vfprintf.o)
 .rodata.state_table
                0x8000be80       0x6c c:/program files (x86)/atmel/studio/7.0/toolchain/avr32/avr32-gnu-toolchain/bin/../lib/gcc/avr32/4.4.7/../../../../avr32/lib/ucr3fp\libc.a(lib_a-vfprintf.o)
 .rodata.action_table
                0x8000beec       0x6c c:/program files (x86)/atmel/studio/7.0/toolchain/avr32/avr32-gnu-toolchain/bin/../lib/gcc/avr32/4.4.7/../../../../avr32/lib/ucr3fp\libc.a(lib_a-vfprintf.o)
 .rodata.str1.4
                0x8000bf58       0x3a c:/program files (x86)/atmel/studio/7.0/toolchain/avr32/avr32-gnu-toolchain/bin/../lib/gcc/avr32/4.4.7/../../../../avr32/lib/ucr3fp\libc.a(lib_a-vfprintf.o)
                                 0x3c (size before relaxing)
 *fill*         0x8000bf92        0x2 
 .rodata.blanks.3430
                0x8000bf94       0x10 c:/program files (x86)/atmel/studio/7.0/toolchain/avr32/avr32-gnu-toolchain/bin/../lib/gcc/avr32/4.4.7/../../../../avr32/lib/ucr3fp\libc.a(lib_a-vfprintf.o)
 .rodata.zeroes.3431
                0x8000bfa4       0x10 c:/program files (x86)/atmel/studio/7.0/toolchain/avr32/avr32-gnu-toolchain/bin/../lib/gcc/avr32/4.4.7/../../../../avr32/lib/ucr3fp\libc.a(lib_a-vfprintf.o)
 .rodata.chclass
                0x8000bfb4      0x100 c:/program files (x86)/atmel/studio/7.0/toolchain/avr32/avr32-gnu-toolchain/bin/../lib/gcc/avr32/4.4.7/../../../../avr32/lib/ucr3fp\libc.a(lib_a-vfprintf.o)
 .rodata.str1.4
                0x8000c0b4       0x10 c:/program files (x86)/atmel/studio/7.0/toolchain/avr32/avr32-gnu-toolchain/bin/../lib/gcc/avr32/4.4.7/../../../../avr32/lib/ucr3fp\libc.a(lib_a-dtoa.o)
                                 0x14 (size before relaxing)
 .rodata.__sf_fake_stdin
                0x8000c0c4       0x20 c:/program files (x86)/atmel/studio/7.0/toolchain/avr32/avr32-gnu-toolchain/bin/../lib/gcc/avr32/4.4.7/../../../../avr32/lib/ucr3fp\libc.a(lib_a-findfp.o)
                0x8000c0c4                __sf_fake_stdin
 .rodata.__sf_fake_stdout
                0x8000c0e4       0x20 c:/program files (x86)/atmel/studio/7.0/toolchain/avr32/avr32-gnu-toolchain/bin/../lib/gcc/avr32/4.4.7/../../../../avr32/lib/ucr3fp\libc.a(lib_a-findfp.o)
                0x8000c0e4                __sf_fake_stdout
 .rodata.__sf_fake_stderr
                0x8000c104       0x20 c:/program files (x86)/atmel/studio/7.0/toolchain/avr32/avr32-gnu-toolchain/bin/../lib/gcc/avr32/4.4.7/../../../../avr32/lib/ucr3fp\libc.a(lib_a-findfp.o)
                0x8000c104                __sf_fake_stderr
 .rodata.lconv  0x8000c124       0x30 c:/program files (x86)/atmel/studio/7.0/toolchain/avr32/avr32-gnu-toolchain/bin/../lib/gcc/avr32/4.4.7/../../../../avr32/lib/ucr3fp\libc.a(lib_a-locale.o)
 .rodata.str1.4
                0x8000c154        0xc c:/program files (x86)/atmel/studio/7.0/toolchain/avr32/avr32-gnu-toolchain/bin/../lib/gcc/avr32/4.4.7/../../../../avr32/lib/ucr3fp\libc.a(lib_a-locale.o)
                                 0x18 (size before relaxing)
 .rodata.p05.2471
                0x8000c160        0xc c:/program files (x86)/atmel/studio/7.0/toolchain/avr32/avr32-gnu-toolchain/bin/../lib/gcc/avr32/4.4.7/../../../../avr32/lib/ucr3fp\libc.a(lib_a-mprec.o)
 .rodata.__mprec_tens
                0x8000c16c       0xc8 c:/program files (x86)/atmel/studio/7.0/toolchain/avr32/avr32-gnu-toolchain/bin/../lib/gcc/avr32/4.4.7/../../../../avr32/lib/ucr3fp\libc.a(lib_a-mprec.o)
                0x8000c16c                __mprec_tens
 .rodata.__mprec_bigtens
                0x8000c234       0x28 c:/program files (x86)/atmel/studio/7.0/toolchain/avr32/avr32-gnu-toolchain/bin/../lib/gcc/avr32/4.4.7/../../../../avr32/lib/ucr3fp\libc.a(lib_a-mprec.o)
                0x8000c234                __mprec_bigtens

.rodata1
 *(.rodata1)

.eh_frame_hdr
 *(.eh_frame_hdr)

.eh_frame
 *(.eh_frame)

.gcc_except_table
 *(.gcc_except_table)
 *(.gcc_except_table.*)

.dalign         0x8000c25c        0x4
                0x8000c260                . = ALIGN (0x8)
 *fill*         0x8000c25c        0x4 
                0x8000c260                PROVIDE (_data_lma, .)
                0x00000004                PROVIDE (_data, ORIGIN (CPUSRAM))
                0x00000004                . = ORIGIN (CPUSRAM)

.eh_frame
 *(.eh_frame)

.gcc_except_table
                0x00000004       0x68 load address 0x8000c260
 *(.gcc_except_table)
 *(.gcc_except_table.*)
 .gcc_except_table._ZN10__cxxabiv111__terminateEPFvvE
                0x00000004       0x10 c:/program files (x86)/atmel/studio/7.0/toolchain/avr32/avr32-gnu-toolchain/bin/../lib/gcc/avr32/4.4.7/ucr3fp\libstdc++.a(eh_terminate.o)
 .gcc_except_table.__cxa_begin_catch
                0x00000014       0x10 c:/program files (x86)/atmel/studio/7.0/toolchain/avr32/avr32-gnu-toolchain/bin/../lib/gcc/avr32/4.4.7/ucr3fp\libstdc++.a(eh_catch.o)
 .gcc_except_table._ZN9__gnu_cxx27__verbose_terminate_handlerEv
                0x00000024       0x18 c:/program files (x86)/atmel/studio/7.0/toolchain/avr32/avr32-gnu-toolchain/bin/../lib/gcc/avr32/4.4.7/ucr3fp\libstdc++.a(vterminate.o)
 .gcc_except_table.__cxa_call_unexpected
                0x0000003c       0x10 c:/program files (x86)/atmel/studio/7.0/toolchain/avr32/avr32-gnu-toolchain/bin/../lib/gcc/avr32/4.4.7/ucr3fp\libstdc++.a(eh_personality.o)
 .gcc_except_table.__gxx_personality_sj0
                0x0000004c       0x10 c:/program files (x86)/atmel/studio/7.0/toolchain/avr32/avr32-gnu-toolchain/bin/../lib/gcc/avr32/4.4.7/ucr3fp\libstdc++.a(eh_personality.o)
 .gcc_except_table.__cxa_allocate_exception
                0x0000005c       0x10 c:/program files (x86)/atmel/studio/7.0/toolchain/avr32/avr32-gnu-toolchain/bin/../lib/gcc/avr32/4.4.7/ucr3fp\libstdc++.a(eh_alloc.o)

.tdata
 *(.tdata .tdata.* .gnu.linkonce.td.*)

.tbss
 *(.tbss .tbss.* .gnu.linkonce.tb.*)
 *(.tcommon)
                0x0000006c                PROVIDE (__preinit_array_start, ALIGN (0x4))

.preinit_array
 *(.preinit_array)
                0x0000006c                PROVIDE (__preinit_array_end, .)
                0x0000006c                PROVIDE (__init_array_start, .)

.init_array
 *(.init_array)
                0x0000006c                PROVIDE (__init_array_end, .)
                0x0000006c                PROVIDE (__fini_array_start, .)

.fini_array
 *(.fini_array)
                0x0000006c                PROVIDE (__fini_array_end, .)

.ctors          0x0000006c       0x10 load address 0x8000c2c8
 *crtbegin*.o(.ctors)
 .ctors         0x0000006c        0x4 c:/program files (x86)/atmel/studio/7.0/toolchain/avr32/avr32-gnu-toolchain/bin/../lib/gcc/avr32/4.4.7/ucr3fp/crtbegin.o
 *(EXCLUDE_FILE(*crtend*.o) .ctors)
 .ctors         0x00000070        0x4 src/libraries/AP_HAL_Empty/HAL_Empty_Class.o
 .ctors         0x00000074        0x4 c:/program files (x86)/atmel/studio/7.0/toolchain/avr32/avr32-gnu-toolchain/bin/../lib/gcc/avr32/4.4.7/ucr3fp\libstdc++.a(eh_alloc.o)
 *(SORT(.ctors.*))
 *(.ctors)
 .ctors         0x00000078        0x4 c:/program files (x86)/atmel/studio/7.0/toolchain/avr32/avr32-gnu-toolchain/bin/../lib/gcc/avr32/4.4.7/ucr3fp/crtend.o

.dtors          0x0000007c        0x8 load address 0x8000c2d8
 *crtbegin*.o(.dtors)
 .dtors         0x0000007c        0x4 c:/program files (x86)/atmel/studio/7.0/toolchain/avr32/avr32-gnu-toolchain/bin/../lib/gcc/avr32/4.4.7/ucr3fp/crtbegin.o
 *(EXCLUDE_FILE(*crtend*.o) .dtors)
 *(SORT(.dtors.*))
 *(.dtors)
 .dtors         0x00000080        0x4 c:/program files (x86)/atmel/studio/7.0/toolchain/avr32/avr32-gnu-toolchain/bin/../lib/gcc/avr32/4.4.7/ucr3fp/crtend.o
                0x00000080                __DTOR_END__

.jcr            0x00000084        0x4 load address 0x8000c2e0
 *(.jcr)
 .jcr           0x00000084        0x0 c:/program files (x86)/atmel/studio/7.0/toolchain/avr32/avr32-gnu-toolchain/bin/../lib/gcc/avr32/4.4.7/ucr3fp/crtbegin.o
 .jcr           0x00000084        0x4 c:/program files (x86)/atmel/studio/7.0/toolchain/avr32/avr32-gnu-toolchain/bin/../lib/gcc/avr32/4.4.7/ucr3fp/crtend.o

.data.rel.ro
 *(.data.rel.ro.local)
 *(.data.rel.ro*)

.dynamic
 *(.dynamic)

.got            0x00000088        0xc load address 0x8000c2e4
 *(.got.plt)
 *(.got)
 .got           0x00000088        0xc c:/program files (x86)/atmel/studio/7.0/toolchain/avr32/avr32-gnu-toolchain/bin/../lib/gcc/avr32/4.4.7/../../../../avr32/lib/ucr3fp/crt0.o
                0x00000088                _GLOBAL_OFFSET_TABLE_

.data           0x00000094      0x50c load address 0x8000c2f0
 *(.data .data.* .gnu.linkonce.d.*)
 .data._ZN10__cxxabiv119__terminate_handlerE
                0x00000094        0x4 c:/program files (x86)/atmel/studio/7.0/toolchain/avr32/avr32-gnu-toolchain/bin/../lib/gcc/avr32/4.4.7/ucr3fp\libstdc++.a(eh_term_handler.o)
                0x00000094                __cxxabiv1::__terminate_handler
 .data._ZN10__cxxabiv120__unexpected_handlerE
                0x00000098        0x4 c:/program files (x86)/atmel/studio/7.0/toolchain/avr32/avr32-gnu-toolchain/bin/../lib/gcc/avr32/4.4.7/ucr3fp\libstdc++.a(eh_unex_handler.o)
                0x00000098                __cxxabiv1::__unexpected_handler
 .data.impure_data
                0x0000009c       0xf0 c:/program files (x86)/atmel/studio/7.0/toolchain/avr32/avr32-gnu-toolchain/bin/../lib/gcc/avr32/4.4.7/../../../../avr32/lib/ucr3fp\libc.a(lib_a-impure.o)
 .data._impure_ptr
                0x0000018c        0x4 c:/program files (x86)/atmel/studio/7.0/toolchain/avr32/avr32-gnu-toolchain/bin/../lib/gcc/avr32/4.4.7/../../../../avr32/lib/ucr3fp\libc.a(lib_a-impure.o)
                0x0000018c                _impure_ptr
 .data.__malloc_av_
                0x00000190      0x408 c:/program files (x86)/atmel/studio/7.0/toolchain/avr32/avr32-gnu-toolchain/bin/../lib/gcc/avr32/4.4.7/../../../../avr32/lib/ucr3fp\libc.a(lib_a-mallocr.o)
                0x00000190                __malloc_av_
 .data.__malloc_trim_threshold
                0x00000598        0x4 c:/program files (x86)/atmel/studio/7.0/toolchain/avr32/avr32-gnu-toolchain/bin/../lib/gcc/avr32/4.4.7/../../../../avr32/lib/ucr3fp\libc.a(lib_a-mallocr.o)
                0x00000598                __malloc_trim_threshold
 .data.__malloc_sbrk_base
                0x0000059c        0x4 c:/program files (x86)/atmel/studio/7.0/toolchain/avr32/avr32-gnu-toolchain/bin/../lib/gcc/avr32/4.4.7/../../../../avr32/lib/ucr3fp\libc.a(lib_a-mallocr.o)
                0x0000059c                __malloc_sbrk_base
 *(.gnu.linkonce.d.*personality*)

.data1
 *(.data1)

.balign         0x000005a0        0x0 load address 0x8000c7fc
                0x000005a0                . = ALIGN (0x8)
                0x000005a0                _edata = .
                0x000005a0                _edata = .
                0x000005a0                PROVIDE (edata, .)
                0x000005a0                __bss_start = .

.bss            0x000005a0      0x878 load address 0x8000c7fc
 *(.dynbss)
 *(.bss .bss.* .gnu.linkonce.b.*)
 .bss           0x000005a0        0x8 c:/program files (x86)/atmel/studio/7.0/toolchain/avr32/avr32-gnu-toolchain/bin/../lib/gcc/avr32/4.4.7/ucr3fp/crtbegin.o
 .bss           0x000005a8       0x14 src/libraries/AP_HAL_Empty/HAL_Empty_Class.o
                0x000005b0                AP_HAL_Empty
 .bss           0x000005bc        0xc src/libraries/AP_HAL_Empty/UARTDriver.o
 .bss._ZZN9__gnu_cxx27__verbose_terminate_handlerEvE11terminating
                0x000005c8        0x1 c:/program files (x86)/atmel/studio/7.0/toolchain/avr32/avr32-gnu-toolchain/bin/../lib/gcc/avr32/4.4.7/ucr3fp\libstdc++.a(vterminate.o)
 *fill*         0x000005c9        0x3 
 .bss._ZL10eh_globals
                0x000005cc        0x8 c:/program files (x86)/atmel/studio/7.0/toolchain/avr32/avr32-gnu-toolchain/bin/../lib/gcc/avr32/4.4.7/ucr3fp\libstdc++.a(eh_globals.o)
 .bss._ZL14emergency_used
                0x000005d4        0x4 c:/program files (x86)/atmel/studio/7.0/toolchain/avr32/avr32-gnu-toolchain/bin/../lib/gcc/avr32/4.4.7/ucr3fp\libstdc++.a(eh_alloc.o)
 .bss._ZL16emergency_buffer
                0x000005d8      0x800 c:/program files (x86)/atmel/studio/7.0/toolchain/avr32/avr32-gnu-toolchain/bin/../lib/gcc/avr32/4.4.7/ucr3fp\libstdc++.a(eh_alloc.o)
 .bss           0x00000dd8        0x4 c:/program files (x86)/atmel/studio/7.0/toolchain/avr32/avr32-gnu-toolchain/bin/../lib/gcc/avr32/4.4.7/ucr3fp\libgcc.a(unwind-sjlj.o)
 .bss.__malloc_max_total_mem
                0x00000ddc        0x4 c:/program files (x86)/atmel/studio/7.0/toolchain/avr32/avr32-gnu-toolchain/bin/../lib/gcc/avr32/4.4.7/../../../../avr32/lib/ucr3fp\libc.a(lib_a-mallocr.o)
                0x00000ddc                __malloc_max_total_mem
 .bss.__malloc_max_sbrked_mem
                0x00000de0        0x4 c:/program files (x86)/atmel/studio/7.0/toolchain/avr32/avr32-gnu-toolchain/bin/../lib/gcc/avr32/4.4.7/../../../../avr32/lib/ucr3fp\libc.a(lib_a-mallocr.o)
                0x00000de0                __malloc_max_sbrked_mem
 .bss.__malloc_top_pad
                0x00000de4        0x4 c:/program files (x86)/atmel/studio/7.0/toolchain/avr32/avr32-gnu-toolchain/bin/../lib/gcc/avr32/4.4.7/../../../../avr32/lib/ucr3fp\libc.a(lib_a-mallocr.o)
                0x00000de4                __malloc_top_pad
 .bss.__malloc_current_mallinfo
                0x00000de8       0x28 c:/program files (x86)/atmel/studio/7.0/toolchain/avr32/avr32-gnu-toolchain/bin/../lib/gcc/avr32/4.4.7/../../../../avr32/lib/ucr3fp\libc.a(lib_a-mallocr.o)
                0x00000de8                __malloc_current_mallinfo
 .bss.cur_heap_pos.1869
                0x00000e10        0x4 c:/program files (x86)/atmel/studio/7.0/toolchain/avr32/avr32-gnu-toolchain/bin/../lib/gcc/avr32/4.4.7/../../../../avr32/lib/ucr3fp\libc.a(lib_a-syscalls.o)
 *(COMMON)
 COMMON         0x00000e14        0x4 c:/program files (x86)/atmel/studio/7.0/toolchain/avr32/avr32-gnu-toolchain/bin/../lib/gcc/avr32/4.4.7/../../../../avr32/lib/ucr3fp\libc.a(lib_a-reent.o)
                0x00000e14                errno
                0x00000e18                . = ALIGN (0x8)
                0x00000e18                . = ALIGN (0x8)
                0x00000e18                _end = .
                0x00000e18                PROVIDE (end, .)
                0x00000e18                __heap_start__ = ALIGN (0x8)
                0x0000f000                . = ((ORIGIN (CPUSRAM) + 0xfffc) - _stack_size)
                0x0000f000                __heap_end__ = .

.stab
 *(.stab)

.stabstr
 *(.stabstr)

.stab.excl
 *(.stab.excl)

.stab.exclstr
 *(.stab.exclstr)

.stab.index
 *(.stab.index)

.stab.indexstr
 *(.stab.indexstr)

.comment        0x00000000       0x30
 *(.comment)
 .comment       0x00000000       0x30 c:/program files (x86)/atmel/studio/7.0/toolchain/avr32/avr32-gnu-toolchain/bin/../lib/gcc/avr32/4.4.7/ucr3fp/crtbegin.o
                                 0x31 (size before relaxing)
 .comment       0x00000000       0x31 src/ASF/avr32/drivers/usart/usart.o
 .comment       0x00000000       0x31 src/libraries/AP_HAL_Empty/HAL_Empty_Class.o
 .comment       0x00000000       0x31 src/libraries/AP_HAL_Empty/Scheduler.o
 .comment       0x00000000       0x31 src/libraries/AP_HAL_Empty/UARTDriver.o
 .comment       0x00000000       0x31 src/ASF/common/services/clock/uc3c/sysclk.o
 .comment       0x00000000       0x31 src/ASF/avr32/boards/uc3c_ek/init.o
 .comment       0x00000000       0x31 src/ASF/avr32/drivers/gpio/gpio.o
 .comment       0x00000000       0x31 src/main.o
 .comment       0x00000000       0x31 c:/program files (x86)/atmel/studio/7.0/toolchain/avr32/avr32-gnu-toolchain/bin/../lib/gcc/avr32/4.4.7/ucr3fp\libstdc++.a(class_type_info.o)
 .comment       0x00000000       0x31 c:/program files (x86)/atmel/studio/7.0/toolchain/avr32/avr32-gnu-toolchain/bin/../lib/gcc/avr32/4.4.7/ucr3fp\libstdc++.a(si_class_type_info.o)
 .comment       0x00000000       0x31 c:/program files (x86)/atmel/studio/7.0/toolchain/avr32/avr32-gnu-toolchain/bin/../lib/gcc/avr32/4.4.7/ucr3fp\libstdc++.a(eh_terminate.o)
 .comment       0x00000000       0x31 c:/program files (x86)/atmel/studio/7.0/toolchain/avr32/avr32-gnu-toolchain/bin/../lib/gcc/avr32/4.4.7/ucr3fp\libstdc++.a(del_op.o)
 .comment       0x00000000       0x31 c:/program files (x86)/atmel/studio/7.0/toolchain/avr32/avr32-gnu-toolchain/bin/../lib/gcc/avr32/4.4.7/ucr3fp\libstdc++.a(eh_term_handler.o)
 .comment       0x00000000       0x31 c:/program files (x86)/atmel/studio/7.0/toolchain/avr32/avr32-gnu-toolchain/bin/../lib/gcc/avr32/4.4.7/ucr3fp\libstdc++.a(eh_catch.o)
 .comment       0x00000000       0x31 c:/program files (x86)/atmel/studio/7.0/toolchain/avr32/avr32-gnu-toolchain/bin/../lib/gcc/avr32/4.4.7/ucr3fp\libstdc++.a(tinfo.o)
 .comment       0x00000000       0x31 c:/program files (x86)/atmel/studio/7.0/toolchain/avr32/avr32-gnu-toolchain/bin/../lib/gcc/avr32/4.4.7/ucr3fp\libstdc++.a(vterminate.o)
 .comment       0x00000000       0x31 c:/program files (x86)/atmel/studio/7.0/toolchain/avr32/avr32-gnu-toolchain/bin/../lib/gcc/avr32/4.4.7/ucr3fp\libstdc++.a(eh_throw.o)
 .comment       0x00000000       0x31 c:/program files (x86)/atmel/studio/7.0/toolchain/avr32/avr32-gnu-toolchain/bin/../lib/gcc/avr32/4.4.7/ucr3fp\libstdc++.a(eh_personality.o)
 .comment       0x00000000       0x31 c:/program files (x86)/atmel/studio/7.0/toolchain/avr32/avr32-gnu-toolchain/bin/../lib/gcc/avr32/4.4.7/ucr3fp\libstdc++.a(eh_unex_handler.o)
 .comment       0x00000000       0x31 c:/program files (x86)/atmel/studio/7.0/toolchain/avr32/avr32-gnu-toolchain/bin/../lib/gcc/avr32/4.4.7/ucr3fp\libstdc++.a(eh_exception.o)
 .comment       0x00000000       0x31 c:/program files (x86)/atmel/studio/7.0/toolchain/avr32/avr32-gnu-toolchain/bin/../lib/gcc/avr32/4.4.7/ucr3fp\libstdc++.a(eh_globals.o)
 .comment       0x00000000       0x31 c:/program files (x86)/atmel/studio/7.0/toolchain/avr32/avr32-gnu-toolchain/bin/../lib/gcc/avr32/4.4.7/ucr3fp\libstdc++.a(eh_type.o)
 .comment       0x00000000       0x31 c:/program files (x86)/atmel/studio/7.0/toolchain/avr32/avr32-gnu-toolchain/bin/../lib/gcc/avr32/4.4.7/ucr3fp\libstdc++.a(eh_call.o)
 .comment       0x00000000       0x31 c:/program files (x86)/atmel/studio/7.0/toolchain/avr32/avr32-gnu-toolchain/bin/../lib/gcc/avr32/4.4.7/ucr3fp\libstdc++.a(cp-demangle.o)
 .comment       0x00000000       0x31 c:/program files (x86)/atmel/studio/7.0/toolchain/avr32/avr32-gnu-toolchain/bin/../lib/gcc/avr32/4.4.7/ucr3fp\libstdc++.a(eh_alloc.o)
 .comment       0x00000000       0x31 c:/program files (x86)/atmel/studio/7.0/toolchain/avr32/avr32-gnu-toolchain/bin/../lib/gcc/avr32/4.4.7/ucr3fp\libgcc.a(_udivdi3.o)
 .comment       0x00000000       0x31 c:/program files (x86)/atmel/studio/7.0/toolchain/avr32/avr32-gnu-toolchain/bin/../lib/gcc/avr32/4.4.7/ucr3fp\libgcc.a(unwind-sjlj.o)
 .comment       0x00000000       0x31 c:/program files (x86)/atmel/studio/7.0/toolchain/avr32/avr32-gnu-toolchain/bin/../lib/gcc/avr32/4.4.7/../../../../avr32/lib/ucr3fp\libc.a(lib_a-abort.o)
 .comment       0x00000000       0x31 c:/program files (x86)/atmel/studio/7.0/toolchain/avr32/avr32-gnu-toolchain/bin/../lib/gcc/avr32/4.4.7/../../../../avr32/lib/ucr3fp\libc.a(lib_a-atexit.o)
 .comment       0x00000000       0x31 c:/program files (x86)/atmel/studio/7.0/toolchain/avr32/avr32-gnu-toolchain/bin/../lib/gcc/avr32/4.4.7/../../../../avr32/lib/ucr3fp\libc.a(lib_a-exit.o)
 .comment       0x00000000       0x31 c:/program files (x86)/atmel/studio/7.0/toolchain/avr32/avr32-gnu-toolchain/bin/../lib/gcc/avr32/4.4.7/../../../../avr32/lib/ucr3fp\libc.a(lib_a-fputc.o)
 .comment       0x00000000       0x31 c:/program files (x86)/atmel/studio/7.0/toolchain/avr32/avr32-gnu-toolchain/bin/../lib/gcc/avr32/4.4.7/../../../../avr32/lib/ucr3fp\libc.a(lib_a-fputs.o)
 .comment       0x00000000       0x31 c:/program files (x86)/atmel/studio/7.0/toolchain/avr32/avr32-gnu-toolchain/bin/../lib/gcc/avr32/4.4.7/../../../../avr32/lib/ucr3fp\libc.a(lib_a-fvwrite.o)
 .comment       0x00000000       0x31 c:/program files (x86)/atmel/studio/7.0/toolchain/avr32/avr32-gnu-toolchain/bin/../lib/gcc/avr32/4.4.7/../../../../avr32/lib/ucr3fp\libc.a(lib_a-fwrite.o)
 .comment       0x00000000       0x31 c:/program files (x86)/atmel/studio/7.0/toolchain/avr32/avr32-gnu-toolchain/bin/../lib/gcc/avr32/4.4.7/../../../../avr32/lib/ucr3fp\libc.a(lib_a-impure.o)
 .comment       0x00000000       0x31 c:/program files (x86)/atmel/studio/7.0/toolchain/avr32/avr32-gnu-toolchain/bin/../lib/gcc/avr32/4.4.7/../../../../avr32/lib/ucr3fp\libc.a(lib_a-malloc.o)
 .comment       0x00000000       0x31 c:/program files (x86)/atmel/studio/7.0/toolchain/avr32/avr32-gnu-toolchain/bin/../lib/gcc/avr32/4.4.7/../../../../avr32/lib/ucr3fp\libc.a(lib_a-mallocr.o)
 .comment       0x00000000       0x31 c:/program files (x86)/atmel/studio/7.0/toolchain/avr32/avr32-gnu-toolchain/bin/../lib/gcc/avr32/4.4.7/../../../../avr32/lib/ucr3fp\libc.a(lib_a-memchr.o)
 .comment       0x00000000       0x31 c:/program files (x86)/atmel/studio/7.0/toolchain/avr32/avr32-gnu-toolchain/bin/../lib/gcc/avr32/4.4.7/../../../../avr32/lib/ucr3fp\libc.a(lib_a-memcmp.o)
 .comment       0x00000000       0x31 c:/program files (x86)/atmel/studio/7.0/toolchain/avr32/avr32-gnu-toolchain/bin/../lib/gcc/avr32/4.4.7/../../../../avr32/lib/ucr3fp\libc.a(lib_a-memmove.o)
 .comment       0x00000000       0x31 c:/program files (x86)/atmel/studio/7.0/toolchain/avr32/avr32-gnu-toolchain/bin/../lib/gcc/avr32/4.4.7/../../../../avr32/lib/ucr3fp\libc.a(lib_a-memset.o)
 .comment       0x00000000       0x31 c:/program files (x86)/atmel/studio/7.0/toolchain/avr32/avr32-gnu-toolchain/bin/../lib/gcc/avr32/4.4.7/../../../../avr32/lib/ucr3fp\libc.a(lib_a-mlock.o)
 .comment       0x00000000       0x31 c:/program files (x86)/atmel/studio/7.0/toolchain/avr32/avr32-gnu-toolchain/bin/../lib/gcc/avr32/4.4.7/../../../../avr32/lib/ucr3fp\libc.a(lib_a-putc.o)
 .comment       0x00000000       0x31 c:/program files (x86)/atmel/studio/7.0/toolchain/avr32/avr32-gnu-toolchain/bin/../lib/gcc/avr32/4.4.7/../../../../avr32/lib/ucr3fp\libc.a(lib_a-realloc.o)
 .comment       0x00000000       0x31 c:/program files (x86)/atmel/studio/7.0/toolchain/avr32/avr32-gnu-toolchain/bin/../lib/gcc/avr32/4.4.7/../../../../avr32/lib/ucr3fp\libc.a(lib_a-reallocr.o)
 .comment       0x00000000       0x31 c:/program files (x86)/atmel/studio/7.0/toolchain/avr32/avr32-gnu-toolchain/bin/../lib/gcc/avr32/4.4.7/../../../../avr32/lib/ucr3fp\libc.a(lib_a-sbrkr.o)
 .comment       0x00000000       0x31 c:/program files (x86)/atmel/studio/7.0/toolchain/avr32/avr32-gnu-toolchain/bin/../lib/gcc/avr32/4.4.7/../../../../avr32/lib/ucr3fp\libc.a(lib_a-signal.o)
 .comment       0x00000000       0x31 c:/program files (x86)/atmel/studio/7.0/toolchain/avr32/avr32-gnu-toolchain/bin/../lib/gcc/avr32/4.4.7/../../../../avr32/lib/ucr3fp\libc.a(lib_a-signalr.o)
 .comment       0x00000000       0x31 c:/program files (x86)/atmel/studio/7.0/toolchain/avr32/avr32-gnu-toolchain/bin/../lib/gcc/avr32/4.4.7/../../../../avr32/lib/ucr3fp\libc.a(lib_a-sprintf.o)